Archive member included to satisfy reference by file (symbol)

/usr/lib/gcc/arm-none-eabi/16.1.0/../../../../arm-none-eabi/lib/thumb/v8-m.main+fp/hard/libm.a(libm_a-w_acos.o)
                              CMakeFiles/flight-controller.dir/Core/Src/main.c.obj (acos)
/usr/lib/gcc/arm-none-eabi/16.1.0/../../../../arm-none-eabi/lib/thumb/v8-m.main+fp/hard/libm.a(libm_a-w_pow.o)
                              CMakeFiles/flight-controller.dir/Core/Src/main.c.obj (pow)
/usr/lib/gcc/arm-none-eabi/16.1.0/../../../../arm-none-eabi/lib/thumb/v8-m.main+fp/hard/libm.a(libm_a-w_sqrt.o)
                              CMakeFiles/flight-controller.dir/Core/Src/main.c.obj (sqrt)
/usr/lib/gcc/arm-none-eabi/16.1.0/../../../../arm-none-eabi/lib/thumb/v8-m.main+fp/hard/libm.a(libm_a-s_fabs.o)
                              /usr/lib/gcc/arm-none-eabi/16.1.0/../../../../arm-none-eabi/lib/thumb/v8-m.main+fp/hard/libm.a(libm_a-w_acos.o) (fabs)
/usr/lib/gcc/arm-none-eabi/16.1.0/../../../../arm-none-eabi/lib/thumb/v8-m.main+fp/hard/libm.a(libm_a-s_finite.o)
                              /usr/lib/gcc/arm-none-eabi/16.1.0/../../../../arm-none-eabi/lib/thumb/v8-m.main+fp/hard/libm.a(libm_a-w_pow.o) (finite)
/usr/lib/gcc/arm-none-eabi/16.1.0/../../../../arm-none-eabi/lib/thumb/v8-m.main+fp/hard/libm.a(libm_a-s_nan.o)
                              /usr/lib/gcc/arm-none-eabi/16.1.0/../../../../arm-none-eabi/lib/thumb/v8-m.main+fp/hard/libm.a(libm_a-w_acos.o) (nan)
/usr/lib/gcc/arm-none-eabi/16.1.0/../../../../arm-none-eabi/lib/thumb/v8-m.main+fp/hard/libm.a(libm_a-e_sqrt.o)
                              /usr/lib/gcc/arm-none-eabi/16.1.0/../../../../arm-none-eabi/lib/thumb/v8-m.main+fp/hard/libm.a(libm_a-w_sqrt.o) (__ieee754_sqrt)
/usr/lib/gcc/arm-none-eabi/16.1.0/../../../../arm-none-eabi/lib/thumb/v8-m.main+fp/hard/libm.a(libm_a-e_acos.o)
                              /usr/lib/gcc/arm-none-eabi/16.1.0/../../../../arm-none-eabi/lib/thumb/v8-m.main+fp/hard/libm.a(libm_a-w_acos.o) (__ieee754_acos)
/usr/lib/gcc/arm-none-eabi/16.1.0/../../../../arm-none-eabi/lib/thumb/v8-m.main+fp/hard/libm.a(libm_a-e_pow.o)
                              /usr/lib/gcc/arm-none-eabi/16.1.0/../../../../arm-none-eabi/lib/thumb/v8-m.main+fp/hard/libm.a(libm_a-w_pow.o) (__ieee754_pow)
/usr/lib/gcc/arm-none-eabi/16.1.0/../../../../arm-none-eabi/lib/thumb/v8-m.main+fp/hard/libm.a(libm_a-s_scalbn.o)
                              /usr/lib/gcc/arm-none-eabi/16.1.0/../../../../arm-none-eabi/lib/thumb/v8-m.main+fp/hard/libm.a(libm_a-e_pow.o) (scalbn)
/usr/lib/gcc/arm-none-eabi/16.1.0/../../../../arm-none-eabi/lib/thumb/v8-m.main+fp/hard/libm.a(libm_a-math_err.o)
                              /usr/lib/gcc/arm-none-eabi/16.1.0/../../../../arm-none-eabi/lib/thumb/v8-m.main+fp/hard/libm.a(libm_a-e_pow.o) (__math_uflow)
/usr/lib/gcc/arm-none-eabi/16.1.0/thumb/v8-m.main+fp/hard/libgcc.a(_arm_muldf3.o)
                              CMakeFiles/flight-controller.dir/Core/Src/main.c.obj (__aeabi_dmul)
/usr/lib/gcc/arm-none-eabi/16.1.0/thumb/v8-m.main+fp/hard/libgcc.a(_arm_addsubdf3.o)
                              /usr/lib/gcc/arm-none-eabi/16.1.0/../../../../arm-none-eabi/lib/thumb/v8-m.main+fp/hard/libm.a(libm_a-e_sqrt.o) (__aeabi_dsub)
/usr/lib/gcc/arm-none-eabi/16.1.0/thumb/v8-m.main+fp/hard/libgcc.a(_arm_muldivdf3.o)
                              CMakeFiles/flight-controller.dir/Core/Src/main.c.obj (__aeabi_ddiv)
/usr/lib/gcc/arm-none-eabi/16.1.0/thumb/v8-m.main+fp/hard/libgcc.a(_arm_cmpdf2.o)
                              /usr/lib/gcc/arm-none-eabi/16.1.0/../../../../arm-none-eabi/lib/thumb/v8-m.main+fp/hard/libm.a(libm_a-w_pow.o) (__aeabi_dcmpeq)
/usr/lib/gcc/arm-none-eabi/16.1.0/thumb/v8-m.main+fp/hard/libgcc.a(_arm_unorddf2.o)
                              /usr/lib/gcc/arm-none-eabi/16.1.0/../../../../arm-none-eabi/lib/thumb/v8-m.main+fp/hard/libm.a(libm_a-w_acos.o) (__aeabi_dcmpun)
/usr/lib/gcc/arm-none-eabi/16.1.0/thumb/v8-m.main+fp/hard/libgcc.a(_arm_truncdfsf2.o)
                              CMakeFiles/flight-controller.dir/Core/Src/main.c.obj (__aeabi_d2f)
/usr/lib/gcc/arm-none-eabi/16.1.0/thumb/v8-m.main+fp/hard/libgcc.a(_aeabi_uldivmod.o)
                              cmake/stm32cubemx/CMakeFiles/STM32_Drivers.dir/__/__/Drivers/STM32H5xx_HAL_Driver/Src/stm32h5xx_hal_uart.c.obj (__aeabi_uldivmod)
/usr/lib/gcc/arm-none-eabi/16.1.0/thumb/v8-m.main+fp/hard/libgcc.a(_udivmoddi4.o)
                              /usr/lib/gcc/arm-none-eabi/16.1.0/thumb/v8-m.main+fp/hard/libgcc.a(_aeabi_uldivmod.o) (__udivmoddi4)
/usr/lib/gcc/arm-none-eabi/16.1.0/thumb/v8-m.main+fp/hard/libgcc.a(_dvmd_tls.o)
                              /usr/lib/gcc/arm-none-eabi/16.1.0/thumb/v8-m.main+fp/hard/libgcc.a(_aeabi_uldivmod.o) (__aeabi_ldiv0)
/usr/lib/gcc/arm-none-eabi/16.1.0/../../../../arm-none-eabi/lib/thumb/v8-m.main+fp/hard/libg_nano.a(libc_a-atexit.o)
                              /usr/lib/gcc/arm-none-eabi/16.1.0/../../../../arm-none-eabi/lib/thumb/v8-m.main+fp/hard/crt0.o (atexit)
[...]
Memory Configuration

Name             Origin             Length             Attributes
RAM              0x20000000         0x00044000         xrw
FLASH            0x08000000         0x00080000         xr
*default*        0x00000000         0xffffffff

Linker script and memory map

LOAD /usr/lib/gcc/arm-none-eabi/16.1.0/thumb/v8-m.main+fp/hard/crti.o
LOAD /usr/lib/gcc/arm-none-eabi/16.1.0/thumb/v8-m.main+fp/hard/crtbegin.o
LOAD /usr/lib/gcc/arm-none-eabi/16.1.0/../../../../arm-none-eabi/lib/thumb/v8-m.main+fp/hard/crt0.o
LOAD CMakeFiles/flight-controller.dir/Core/Src/main.c.obj
LOAD CMakeFiles/flight-controller.dir/Core/Src/stm32h5xx_it.c.obj
LOAD CMakeFiles/flight-controller.dir/Core/Src/stm32h5xx_hal_msp.c.obj
LOAD CMakeFiles/flight-controller.dir/Core/Src/sysmem.c.obj
LOAD CMakeFiles/flight-controller.dir/Core/Src/syscalls.c.obj
LOAD CMakeFiles/flight-controller.dir/startup_stm32h523xx.s.obj
LOAD cmake/stm32cubemx/CMakeFiles/STM32_Drivers.dir/__/__/Core/Src/system_stm32h5xx.c.obj
LOAD cmake/stm32cubemx/CMakeFiles/STM32_Drivers.dir/__/__/Drivers/STM32H5xx_HAL_Driver/Src/stm32h5xx_hal_cortex.c.obj
LOAD cmake/stm32cubemx/CMakeFiles/STM32_Drivers.dir/__/__/Drivers/STM32H5xx_HAL_Driver/Src/stm32h5xx_hal_rcc.c.obj
LOAD cmake/stm32cubemx/CMakeFiles/STM32_Drivers.dir/__/__/Drivers/STM32H5xx_HAL_Driver/Src/stm32h5xx_hal_rcc_ex.c.obj
LOAD cmake/stm32cubemx/CMakeFiles/STM32_Drivers.dir/__/__/Drivers/STM32H5xx_HAL_Driver/Src/stm32h5xx_hal_flash.c.obj
LOAD cmake/stm32cubemx/CMakeFiles/STM32_Drivers.dir/__/__/Drivers/STM32H5xx_HAL_Driver/Src/stm32h5xx_hal_flash_ex.c.obj
LOAD cmake/stm32cubemx/CMakeFiles/STM32_Drivers.dir/__/__/Drivers/STM32H5xx_HAL_Driver/Src/stm32h5xx_hal_gpio.c.obj
LOAD cmake/stm32cubemx/CMakeFiles/STM32_Drivers.dir/__/__/Drivers/STM32H5xx_HAL_Driver/Src/stm32h5xx_hal_dma.c.obj
LOAD cmake/stm32cubemx/CMakeFiles/STM32_Drivers.dir/__/__/Drivers/STM32H5xx_HAL_Driver/Src/stm32h5xx_hal_dma_ex.c.obj
LOAD cmake/stm32cubemx/CMakeFiles/STM32_Drivers.dir/__/__/Drivers/STM32H5xx_HAL_Driver/Src/stm32h5xx_hal_pwr.c.obj
LOAD cmake/stm32cubemx/CMakeFiles/STM32_Drivers.dir/__/__/Drivers/STM32H5xx_HAL_Driver/Src/stm32h5xx_hal_pwr_ex.c.obj
LOAD cmake/stm32cubemx/CMakeFiles/STM32_Drivers.dir/__/__/Drivers/STM32H5xx_HAL_Driver/Src/stm32h5xx_hal.c.obj
LOAD cmake/stm32cubemx/CMakeFiles/STM32_Drivers.dir/__/__/Drivers/STM32H5xx_HAL_Driver/Src/stm32h5xx_hal_exti.c.obj
LOAD cmake/stm32cubemx/CMakeFiles/STM32_Drivers.dir/__/__/Drivers/STM32H5xx_HAL_Driver/Src/stm32h5xx_hal_i2c.c.obj
LOAD cmake/stm32cubemx/CMakeFiles/STM32_Drivers.dir/__/__/Drivers/STM32H5xx_HAL_Driver/Src/stm32h5xx_hal_i2c_ex.c.obj
LOAD cmake/stm32cubemx/CMakeFiles/STM32_Drivers.dir/__/__/Drivers/STM32H5xx_HAL_Driver/Src/stm32h5xx_hal_icache.c.obj
LOAD cmake/stm32cubemx/CMakeFiles/STM32_Drivers.dir/__/__/Drivers/STM32H5xx_HAL_Driver/Src/stm32h5xx_hal_tim.c.obj
LOAD cmake/stm32cubemx/CMakeFiles/STM32_Drivers.dir/__/__/Drivers/STM32H5xx_HAL_Driver/Src/stm32h5xx_hal_tim_ex.c.obj
LOAD cmake/stm32cubemx/CMakeFiles/STM32_Drivers.dir/__/__/Drivers/STM32H5xx_HAL_Driver/Src/stm32h5xx_hal_uart.c.obj
LOAD cmake/stm32cubemx/CMakeFiles/STM32_Drivers.dir/__/__/Drivers/STM32H5xx_HAL_Driver/Src/stm32h5xx_hal_uart_ex.c.obj
LOAD cmake/stm32cubemx/CMakeFiles/STM32_Drivers.dir/__/__/Drivers/STM32H5xx_HAL_Driver/Src/stm32h5xx_hal_pcd.c.obj
LOAD cmake/stm32cubemx/CMakeFiles/STM32_Drivers.dir/__/__/Drivers/STM32H5xx_HAL_Driver/Src/stm32h5xx_hal_pcd_ex.c.obj
LOAD cmake/stm32cubemx/CMakeFiles/STM32_Drivers.dir/__/__/Drivers/STM32H5xx_HAL_Driver/Src/stm32h5xx_ll_usb.c.obj
LOAD /usr/lib/gcc/arm-none-eabi/16.1.0/../../../../arm-none-eabi/lib/thumb/v8-m.main+fp/hard/libm.a
START GROUP
LOAD /usr/lib/gcc/arm-none-eabi/16.1.0/thumb/v8-m.main+fp/hard/libgcc.a
LOAD /usr/lib/gcc/arm-none-eabi/16.1.0/../../../../arm-none-eabi/lib/thumb/v8-m.main+fp/hard/libg_nano.a
LOAD /usr/lib/gcc/arm-none-eabi/16.1.0/../../../../arm-none-eabi/lib/thumb/v8-m.main+fp/hard/libc_nano.a
END GROUP
START GROUP
LOAD /usr/lib/gcc/arm-none-eabi/16.1.0/thumb/v8-m.main+fp/hard/libgcc.a
LOAD /usr/lib/gcc/arm-none-eabi/16.1.0/../../../../arm-none-eabi/lib/thumb/v8-m.main+fp/hard/libc_nano.a
END GROUP
LOAD /usr/lib/gcc/arm-none-eabi/16.1.0/thumb/v8-m.main+fp/hard/crtend.o
LOAD /usr/lib/gcc/arm-none-eabi/16.1.0/thumb/v8-m.main+fp/hard/crtn.o
                0x20044000                        _estack = (ORIGIN (RAM) + LENGTH (RAM))
                0x20043c00                        _sstack = (_estack - _Min_Stack_Size)
                0x00000200                        _Min_Heap_Size = 0x200
                0x00000400                        _Min_Stack_Size = 0x400

.isr_vector     0x08000000      0x254
                0x08000000                        . = ALIGN (0x4)
 *(.isr_vector)
 .isr_vector    0x08000000      0x254 CMakeFiles/flight-controller.dir/startup_stm32h523xx.s.obj
                0x08000000                g_pfnVectors
                0x08000254                        . = ALIGN (0x4)

.text           0x08000258     0xa660
                0x08000258                        . = ALIGN (0x4)
 *(.text)
 .text          0x08000258      0x378 /usr/lib/gcc/arm-none-eabi/16.1.0/thumb/v8-m.main+fp/hard/libgcc.a(_arm_addsubdf3.o)
                0x08000258                __aeabi_drsub
                0x08000260                __aeabi_dsub
                0x08000260                __subdf3
                0x08000264                __adddf3
                0x08000264                __aeabi_dadd
                0x080004dc                __aeabi_ui2d
                0x080004dc                __floatunsidf
                0x080004fc                __floatsidf
                0x080004fc                __aeabi_i2d
                0x08000520                __extendsfdf2
                0x08000520                __aeabi_f2d
                0x08000564                __aeabi_ul2d
                0x08000564                __floatundidf
                0x08000574                __floatdidf
                0x08000574                __aeabi_l2d
 .text          0x080005d0      0x424 /usr/lib/gcc/arm-none-eabi/16.1.0/thumb/v8-m.main+fp/hard/libgcc.a(_arm_muldivdf3.o)
                0x080005d0                __aeabi_dmul
                0x080005d0                __muldf3
                0x08000824                __aeabi_ddiv
                0x08000824                __divdf3
 .text          0x080009f4      0x110 /usr/lib/gcc/arm-none-eabi/16.1.0/thumb/v8-m.main+fp/hard/libgcc.a(_arm_cmpdf2.o)
                0x080009f4                __gtdf2
                0x080009f4                __gedf2
                0x080009fc                __ltdf2
                0x080009fc                __ledf2
                0x08000a04                __cmpdf2
                0x08000a04                __eqdf2
                0x08000a04                __nedf2
                0x08000a80                __aeabi_cdrcmple
                0x08000a90                __aeabi_cdcmple
                0x08000a90                __aeabi_cdcmpeq
                0x08000aa0                __aeabi_dcmpeq
                0x08000ab4                __aeabi_dcmplt
                0x08000ac8                __aeabi_dcmple
                0x08000adc                __aeabi_dcmpge
                0x08000af0                __aeabi_dcmpgt
 .text          0x08000b04       0x2c /usr/lib/gcc/arm-none-eabi/16.1.0/thumb/v8-m.main+fp/hard/libgcc.a(_arm_unorddf2.o)
                0x08000b04                __aeabi_dcmpun
                0x08000b04                __unorddf2
 .text          0x08000b30       0xa0 /usr/lib/gcc/arm-none-eabi/16.1.0/thumb/v8-m.main+fp/hard/libgcc.a(_arm_truncdfsf2.o)
                0x08000b30                __aeabi_d2f
                0x08000b30                __truncdfsf2
 .text          0x08000bd0       0x30 /usr/lib/gcc/arm-none-eabi/16.1.0/thumb/v8-m.main+fp/hard/libgcc.a(_aeabi_uldivmod.o)
                0x08000bd0                __aeabi_uldivmod
 .text          0x08000c00        0x4 /usr/lib/gcc/arm-none-eabi/16.1.0/thumb/v8-m.main+fp/hard/libgcc.a(_dvmd_tls.o)
                0x08000c00                __aeabi_ldiv0
                0x08000c00                __aeabi_idiv0
 *(.text*)
 .text.__do_global_dtors_aux
                0x08000c04       0x24 /usr/lib/gcc/arm-none-eabi/16.1.0/thumb/v8-m.main+fp/hard/crtbegin.o
 .text.frame_dummy
                0x08000c28       0x1c /usr/lib/gcc/arm-none-eabi/16.1.0/thumb/v8-m.main+fp/hard/crtbegin.o
 *fill*         0x08000c44        0x4 
 .text.main     0x08000c48      0x2f4 CMakeFiles/flight-controller.dir/Core/Src/main.c.obj
                0x08000c48                main
 .text.SystemClock_Config
                0x08000f3c       0xc4 CMakeFiles/flight-controller.dir/Core/Src/main.c.obj
                0x08000f3c                SystemClock_Config
 .text.MX_I2C1_Init
                0x08001000       0x80 CMakeFiles/flight-controller.dir/Core/Src/main.c.obj
 .text.MX_ICACHE_Init
                0x08001080       0x16 CMakeFiles/flight-controller.dir/Core/Src/main.c.obj
 *fill*         0x08001096        0x2 
 .text.MX_TIM1_Init
                0x08001098      0x178 CMakeFiles/flight-controller.dir/Core/Src/main.c.obj
 .text.MX_TIM3_Init
                0x08001210      0x104 CMakeFiles/flight-controller.dir/Core/Src/main.c.obj
 .text.MX_UART4_Init
                0x08001314       0x98 CMakeFiles/flight-controller.dir/Core/Src/main.c.obj
 .text.MX_UART5_Init
                0x080013ac       0x98 CMakeFiles/flight-controller.dir/Core/Src/main.c.obj
 .text.MX_USART1_UART_Init
                0x08001444       0x98 CMakeFiles/flight-controller.dir/Core/Src/main.c.obj
 .text.MX_USART6_UART_Init
                0x080014dc       0x98 CMakeFiles/flight-controller.dir/Core/Src/main.c.obj
 .text.MX_USB_PCD_Init
                0x08001574       0x64 CMakeFiles/flight-controller.dir/Core/Src/main.c.obj
 .text.MX_GPIO_Init
                0x080015d8       0xfc CMakeFiles/flight-controller.dir/Core/Src/main.c.obj
 .text.get_gyro
                0x080016d4       0x10 CMakeFiles/flight-controller.dir/Core/Src/main.c.obj
 .text.get_accel
                0x080016e4       0x10 CMakeFiles/flight-controller.dir/Core/Src/main.c.obj
 .text.get_mag  0x080016f4       0x10 CMakeFiles/flight-controller.dir/Core/Src/main.c.obj
 .text.MPU_Config
                0x08001704       0x6c CMakeFiles/flight-controller.dir/Core/Src/main.c.obj
 .text.Error_Handler
                0x08001770        0xc CMakeFiles/flight-controller.dir/Core/Src/main.c.obj
                0x08001770                Error_Handler
 .text.NMI_Handler
                0x0800177c        0x8 CMakeFiles/flight-controller.dir/Core/Src/stm32h5xx_it.c.obj
                0x0800177c                NMI_Handler
 .text.HardFault_Handler
                0x08001784        0x8 CMakeFiles/flight-controller.dir/Core/Src/stm32h5xx_it.c.obj
                0x08001784                HardFault_Handler
 .text.MemManage_Handler
                0x0800178c        0x8 CMakeFiles/flight-controller.dir/Core/Src/stm32h5xx_it.c.obj
                0x0800178c                MemManage_Handler
 .text.BusFault_Handler
                0x08001794        0x8 CMakeFiles/flight-controller.dir/Core/Src/stm32h5xx_it.c.obj
                0x08001794                BusFault_Handler
 .text.UsageFault_Handler
                0x0800179c        0x8 CMakeFiles/flight-controller.dir/Core/Src/stm32h5xx_it.c.obj
                0x0800179c                UsageFault_Handler
 .text.SVC_Handler
                0x080017a4        0xc CMakeFiles/flight-controller.dir/Core/Src/stm32h5xx_it.c.obj
                0x080017a4                SVC_Handler
 .text.DebugMon_Handler
                0x080017b0        0xc CMakeFiles/flight-controller.dir/Core/Src/stm32h5xx_it.c.obj
                0x080017b0                DebugMon_Handler
 .text.PendSV_Handler
                0x080017bc        0xc CMakeFiles/flight-controller.dir/Core/Src/stm32h5xx_it.c.obj
                0x080017bc                PendSV_Handler
 .text.SysTick_Handler
                0x080017c8        0xc CMakeFiles/flight-controller.dir/Core/Src/stm32h5xx_it.c.obj
                0x080017c8                SysTick_Handler
 .text.HAL_MspInit
                0x080017d4        0xc CMakeFiles/flight-controller.dir/Core/Src/stm32h5xx_hal_msp.c.obj
                0x080017d4                HAL_MspInit
 .text.HAL_I2C_MspInit
                0x080017e0       0xd0 CMakeFiles/flight-controller.dir/Core/Src/stm32h5xx_hal_msp.c.obj
                0x080017e0                HAL_I2C_MspInit
 .text.HAL_TIM_Base_MspInit
                0x080018b0       0x70 CMakeFiles/flight-controller.dir/Core/Src/stm32h5xx_hal_msp.c.obj
                0x080018b0                HAL_TIM_Base_MspInit
 .text.HAL_TIM_MspPostInit
                0x08001920       0xc8 CMakeFiles/flight-controller.dir/Core/Src/stm32h5xx_hal_msp.c.obj
                0x08001920                HAL_TIM_MspPostInit
 .text.HAL_UART_MspInit
                0x080019e8      0x30c CMakeFiles/flight-controller.dir/Core/Src/stm32h5xx_hal_msp.c.obj
                0x080019e8                HAL_UART_MspInit
 .text.HAL_PCD_MspInit
                0x08001cf4       0x78 CMakeFiles/flight-controller.dir/Core/Src/stm32h5xx_hal_msp.c.obj
                0x08001cf4                HAL_PCD_MspInit
 .text._sbrk    0x08001d6c       0x6c CMakeFiles/flight-controller.dir/Core/Src/sysmem.c.obj
                0x08001d6c                _sbrk
 .text.Reset_Handler
                0x08001dd8       0x5c CMakeFiles/flight-controller.dir/startup_stm32h523xx.s.obj
                0x08001dd8                Reset_Handler
 .text.Default_Handler
                0x08001e34        0x2 CMakeFiles/flight-controller.dir/startup_stm32h523xx.s.obj
                0x08001e34                EXTI2_IRQHandler
                0x08001e34                TIM8_TRG_COM_IRQHandler
                0x08001e34                TIM8_CC_IRQHandler
                0x08001e34                EXTI5_IRQHandler
                0x08001e34                I3C1_ER_IRQHandler
                0x08001e34                SPI4_IRQHandler
                0x08001e34                GPDMA2_Channel1_IRQHandler
                0x08001e34                FLASH_S_IRQHandler
                0x08001e34                EXTI13_IRQHandler
                0x08001e34                TIM1_CC_IRQHandler
                0x08001e34                GPDMA2_Channel3_IRQHandler
                0x08001e34                TAMP_IRQHandler
                0x08001e34                TIM6_IRQHandler
                0x08001e34                EXTI12_IRQHandler
                0x08001e34                USB_DRD_FS_IRQHandler
                0x08001e34                EXTI3_IRQHandler
                0x08001e34                GPDMA1_Channel5_IRQHandler
                0x08001e34                EXTI8_IRQHandler
                0x08001e34                GPDMA2_Channel5_IRQHandler
                0x08001e34                LPTIM2_IRQHandler
                0x08001e34                I2C3_ER_IRQHandler
                0x08001e34                GPDMA2_Channel2_IRQHandler
                0x08001e34                EXTI0_IRQHandler
                0x08001e34                I2C2_EV_IRQHandler
                0x08001e34                FPU_IRQHandler
                0x08001e34                GPDMA1_Channel3_IRQHandler
                0x08001e34                GPDMA1_Channel7_IRQHandler
                0x08001e34                FDCAN1_IT1_IRQHandler
                0x08001e34                RAMCFG_IRQHandler
                0x08001e34                DCACHE1_IRQHandler
                0x08001e34                SPI1_IRQHandler
                0x08001e34                OCTOSPI1_IRQHandler
                0x08001e34                GPDMA1_Channel2_IRQHandler
                0x08001e34                TIM8_UP_IRQHandler
                0x08001e34                RCC_S_IRQHandler
                0x08001e34                ADC1_IRQHandler
                0x08001e34                USART6_IRQHandler
                0x08001e34                I3C2_ER_IRQHandler
                0x08001e34                EXTI15_IRQHandler
                0x08001e34                USART3_IRQHandler
                0x08001e34                RTC_IRQHandler
                0x08001e34                EXTI9_IRQHandler
                0x08001e34                UART5_IRQHandler
                0x08001e34                TIM4_IRQHandler
                0x08001e34                I3C2_EV_IRQHandler
                0x08001e34                I2C1_EV_IRQHandler
                0x08001e34                GPDMA1_Channel1_IRQHandler
                0x08001e34                UART4_IRQHandler
                0x08001e34                SecureFault_Handler
                0x08001e34                TIM3_IRQHandler
                0x08001e34                RCC_IRQHandler
                0x08001e34                TIM1_TRG_COM_IRQHandler
                0x08001e34                Default_Handler
                0x08001e34                CEC_IRQHandler
                0x08001e34                GPDMA2_Channel4_IRQHandler
                0x08001e34                TIM12_IRQHandler
                0x08001e34                TIM7_IRQHandler
                0x08001e34                SDMMC1_IRQHandler
                0x08001e34                TIM5_IRQHandler
                0x08001e34                UCPD1_IRQHandler
                0x08001e34                GPDMA1_Channel0_IRQHandler
                0x08001e34                I3C1_EV_IRQHandler
                0x08001e34                TIM15_IRQHandler
                0x08001e34                PVD_AVD_IRQHandler
                0x08001e34                I2C3_EV_IRQHandler
                0x08001e34                ADC2_IRQHandler
                0x08001e34                SPI2_IRQHandler
                0x08001e34                EXTI14_IRQHandler
                0x08001e34                EXTI11_IRQHandler
                0x08001e34                CRS_IRQHandler
                0x08001e34                EXTI4_IRQHandler
                0x08001e34                GPDMA2_Channel0_IRQHandler
                0x08001e34                RTC_S_IRQHandler
                0x08001e34                RNG_IRQHandler
                0x08001e34                FDCAN2_IT1_IRQHandler
                0x08001e34                GPDMA2_Channel6_IRQHandler
                0x08001e34                TIM1_UP_IRQHandler
                0x08001e34                WWDG_IRQHandler
                0x08001e34                FDCAN2_IT0_IRQHandler
                0x08001e34                IWDG_IRQHandler
                0x08001e34                LPUART1_IRQHandler
                0x08001e34                FDCAN1_IT0_IRQHandler
                0x08001e34                TIM2_IRQHandler
                0x08001e34                GPDMA1_Channel4_IRQHandler
                0x08001e34                EXTI7_IRQHandler
                0x08001e34                TIM1_BRK_IRQHandler
                0x08001e34                EXTI1_IRQHandler
                0x08001e34                DAC1_IRQHandler
                0x08001e34                DTS_IRQHandler
                0x08001e34                GTZC_IRQHandler
                0x08001e34                USART2_IRQHandler
                0x08001e34                GPDMA1_Channel6_IRQHandler
                0x08001e34                GPDMA2_Channel7_IRQHandler
                0x08001e34                I2C2_ER_IRQHandler
                0x08001e34                TIM8_BRK_IRQHandler
                0x08001e34                FLASH_IRQHandler
                0x08001e34                USART1_IRQHandler
                0x08001e34                EXTI10_IRQHandler
                0x08001e34                SPI3_IRQHandler
                0x08001e34                I2C1_ER_IRQHandler
                0x08001e34                FMC_IRQHandler
                0x08001e34                EXTI6_IRQHandler
                0x08001e34                LPTIM1_IRQHandler
                0x08001e34                DCMI_PSSI_IRQHandler
                0x08001e34                ICACHE_IRQHandler
                0x08001e34                HASH_IRQHandler
 *fill*         0x08001e36        0x2 
 .text.SystemInit
                0x08001e38      0x100 cmake/stm32cubemx/CMakeFiles/STM32_Drivers.dir/__/__/Core/Src/system_stm32h5xx.c.obj
                0x08001e38                SystemInit
 .text.__NVIC_SetPriorityGrouping
                0x08001f38       0x48 cmake/stm32cubemx/CMakeFiles/STM32_Drivers.dir/__/__/Drivers/STM32H5xx_HAL_Driver/Src/stm32h5xx_hal_cortex.c.obj
 .text.__NVIC_GetPriorityGrouping
                0x08001f80       0x1c cmake/stm32cubemx/CMakeFiles/STM32_Drivers.dir/__/__/Drivers/STM32H5xx_HAL_Driver/Src/stm32h5xx_hal_cortex.c.obj
 .text.__NVIC_SetPriority
                0x08001f9c       0x54 cmake/stm32cubemx/CMakeFiles/STM32_Drivers.dir/__/__/Drivers/STM32H5xx_HAL_Driver/Src/stm32h5xx_hal_cortex.c.obj
 .text.NVIC_EncodePriority
                0x08001ff0       0x6e cmake/stm32cubemx/CMakeFiles/STM32_Drivers.dir/__/__/Drivers/STM32H5xx_HAL_Driver/Src/stm32h5xx_hal_cortex.c.obj
 .text.HAL_NVIC_SetPriorityGrouping
                0x0800205e       0x16 cmake/stm32cubemx/CMakeFiles/STM32_Drivers.dir/__/__/Drivers/STM32H5xx_HAL_Driver/Src/stm32h5xx_hal_cortex.c.obj
                0x0800205e                HAL_NVIC_SetPriorityGrouping
 .text.HAL_NVIC_SetPriority
                0x08002074       0x34 cmake/stm32cubemx/CMakeFiles/STM32_Drivers.dir/__/__/Drivers/STM32H5xx_HAL_Driver/Src/stm32h5xx_hal_cortex.c.obj
                0x08002074                HAL_NVIC_SetPriority
 .text.HAL_SYSTICK_Config
                0x080020a8       0x40 cmake/stm32cubemx/CMakeFiles/STM32_Drivers.dir/__/__/Drivers/STM32H5xx_HAL_Driver/Src/stm32h5xx_hal_cortex.c.obj
                0x080020a8                HAL_SYSTICK_Config
 .text.HAL_SYSTICK_CLKSourceConfig
                0x080020e8       0xb4 cmake/stm32cubemx/CMakeFiles/STM32_Drivers.dir/__/__/Drivers/STM32H5xx_HAL_Driver/Src/stm32h5xx_hal_cortex.c.obj
                0x080020e8                HAL_SYSTICK_CLKSourceConfig
 .text.HAL_SYSTICK_GetCLKSourceConfig
                0x0800219c       0x6c cmake/stm32cubemx/CMakeFiles/STM32_Drivers.dir/__/__/Drivers/STM32H5xx_HAL_Driver/Src/stm32h5xx_hal_cortex.c.obj
                0x0800219c                HAL_SYSTICK_GetCLKSourceConfig
 .text.HAL_MPU_Enable
                0x08002208       0x44 cmake/stm32cubemx/CMakeFiles/STM32_Drivers.dir/__/__/Drivers/STM32H5xx_HAL_Driver/Src/stm32h5xx_hal_cortex.c.obj
                0x08002208                HAL_MPU_Enable
 .text.HAL_MPU_Disable
                0x0800224c       0x40 cmake/stm32cubemx/CMakeFiles/STM32_Drivers.dir/__/__/Drivers/STM32H5xx_HAL_Driver/Src/stm32h5xx_hal_cortex.c.obj
                0x0800224c                HAL_MPU_Disable
 .text.HAL_MPU_ConfigRegion
                0x0800228c       0x1c cmake/stm32cubemx/CMakeFiles/STM32_Drivers.dir/__/__/Drivers/STM32H5xx_HAL_Driver/Src/stm32h5xx_hal_cortex.c.obj
                0x0800228c                HAL_MPU_ConfigRegion
 .text.HAL_MPU_ConfigMemoryAttributes
                0x080022a8       0x1c cmake/stm32cubemx/CMakeFiles/STM32_Drivers.dir/__/__/Drivers/STM32H5xx_HAL_Driver/Src/stm32h5xx_hal_cortex.c.obj
                0x080022a8                HAL_MPU_ConfigMemoryAttributes
 .text.MPU_ConfigRegion
                0x080022c4       0x6c cmake/stm32cubemx/CMakeFiles/STM32_Drivers.dir/__/__/Drivers/STM32H5xx_HAL_Driver/Src/stm32h5xx_hal_cortex.c.obj
 .text.MPU_ConfigMemoryAttributes
                0x08002330       0x6a cmake/stm32cubemx/CMakeFiles/STM32_Drivers.dir/__/__/Drivers/STM32H5xx_HAL_Driver/Src/stm32h5xx_hal_cortex.c.obj
 *fill*         0x0800239a        0x2 
 .text.HAL_RCC_OscConfig
                0x0800239c      0x870 cmake/stm32cubemx/CMakeFiles/STM32_Drivers.dir/__/__/Drivers/STM32H5xx_HAL_Driver/Src/stm32h5xx_hal_rcc.c.obj
                0x0800239c                HAL_RCC_OscConfig
 .text.HAL_RCC_ClockConfig
                0x08002c0c      0x370 cmake/stm32cubemx/CMakeFiles/STM32_Drivers.dir/__/__/Drivers/STM32H5xx_HAL_Driver/Src/stm32h5xx_hal_rcc.c.obj
                0x08002c0c                HAL_RCC_ClockConfig
 .text.HAL_RCC_GetSysClockFreq
                0x08002f7c      0x254 cmake/stm32cubemx/CMakeFiles/STM32_Drivers.dir/__/__/Drivers/STM32H5xx_HAL_Driver/Src/stm32h5xx_hal_rcc.c.obj
                0x08002f7c                HAL_RCC_GetSysClockFreq
 .text.HAL_RCC_GetHCLKFreq
                0x080031d0       0x38 cmake/stm32cubemx/CMakeFiles/STM32_Drivers.dir/__/__/Drivers/STM32H5xx_HAL_Driver/Src/stm32h5xx_hal_rcc.c.obj
                0x080031d0                HAL_RCC_GetHCLKFreq
 .text.HAL_RCC_GetPCLK1Freq
                0x08003208       0x2c cmake/stm32cubemx/CMakeFiles/STM32_Drivers.dir/__/__/Drivers/STM32H5xx_HAL_Driver/Src/stm32h5xx_hal_rcc.c.obj
                0x08003208                HAL_RCC_GetPCLK1Freq
 .text.HAL_RCC_GetPCLK2Freq
                0x08003234       0x2c cmake/stm32cubemx/CMakeFiles/STM32_Drivers.dir/__/__/Drivers/STM32H5xx_HAL_Driver/Src/stm32h5xx_hal_rcc.c.obj
                0x08003234                HAL_RCC_GetPCLK2Freq
 .text.HAL_RCC_GetPCLK3Freq
                0x08003260       0x2c cmake/stm32cubemx/CMakeFiles/STM32_Drivers.dir/__/__/Drivers/STM32H5xx_HAL_Driver/Src/stm32h5xx_hal_rcc.c.obj
                0x08003260                HAL_RCC_GetPCLK3Freq
 .text.HAL_RCCEx_PeriphCLKConfig
                0x0800328c     0x12b8 cmake/stm32cubemx/CMakeFiles/STM32_Drivers.dir/__/__/Drivers/STM32H5xx_HAL_Driver/Src/stm32h5xx_hal_rcc_ex.c.obj
                0x0800328c                HAL_RCCEx_PeriphCLKConfig
 .text.HAL_RCCEx_GetPLL1ClockFreq
                0x08004544      0x2d4 cmake/stm32cubemx/CMakeFiles/STM32_Drivers.dir/__/__/Drivers/STM32H5xx_HAL_Driver/Src/stm32h5xx_hal_rcc_ex.c.obj
                0x08004544                HAL_RCCEx_GetPLL1ClockFreq
 .text.HAL_RCCEx_GetPLL2ClockFreq
                0x08004818      0x2d4 cmake/stm32cubemx/CMakeFiles/STM32_Drivers.dir/__/__/Drivers/STM32H5xx_HAL_Driver/Src/stm32h5xx_hal_rcc_ex.c.obj
                0x08004818                HAL_RCCEx_GetPLL2ClockFreq
 .text.HAL_RCCEx_GetPLL3ClockFreq
                0x08004aec      0x2d4 cmake/stm32cubemx/CMakeFiles/STM32_Drivers.dir/__/__/Drivers/STM32H5xx_HAL_Driver/Src/stm32h5xx_hal_rcc_ex.c.obj
                0x08004aec                HAL_RCCEx_GetPLL3ClockFreq
 .text.HAL_RCCEx_GetPeriphCLKFreq
                0x08004dc0     0x1644 cmake/stm32cubemx/CMakeFiles/STM32_Drivers.dir/__/__/Drivers/STM32H5xx_HAL_Driver/Src/stm32h5xx_hal_rcc_ex.c.obj
                0x08004dc0                HAL_RCCEx_GetPeriphCLKFreq
 .text.RCCEx_PLL2_Config
                0x08006404      0x130 cmake/stm32cubemx/CMakeFiles/STM32_Drivers.dir/__/__/Drivers/STM32H5xx_HAL_Driver/Src/stm32h5xx_hal_rcc_ex.c.obj
 .text.RCCEx_PLL3_Config
                0x08006534      0x130 cmake/stm32cubemx/CMakeFiles/STM32_Drivers.dir/__/__/Drivers/STM32H5xx_HAL_Driver/Src/stm32h5xx_hal_rcc_ex.c.obj
 .text.HAL_GPIO_Init
                0x08006664      0x2bc cmake/stm32cubemx/CMakeFiles/STM32_Drivers.dir/__/__/Drivers/STM32H5xx_HAL_Driver/Src/stm32h5xx_hal_gpio.c.obj
                0x08006664                HAL_GPIO_Init
 .text.HAL_GPIO_WritePin
                0x08006920       0x2e cmake/stm32cubemx/CMakeFiles/STM32_Drivers.dir/__/__/Drivers/STM32H5xx_HAL_Driver/Src/stm32h5xx_hal_gpio.c.obj
                0x08006920                HAL_GPIO_WritePin
 *fill*         0x0800694e        0x2 
 .text.HAL_PWREx_EnableVddUSB
                0x08006950       0x1c cmake/stm32cubemx/CMakeFiles/STM32_Drivers.dir/__/__/Drivers/STM32H5xx_HAL_Driver/Src/stm32h5xx_hal_pwr_ex.c.obj
                0x08006950                HAL_PWREx_EnableVddUSB
 .text.HAL_Init
                0x0800696c       0x50 cmake/stm32cubemx/CMakeFiles/STM32_Drivers.dir/__/__/Drivers/STM32H5xx_HAL_Driver/Src/stm32h5xx_hal.c.obj
                0x0800696c                HAL_Init
 .text.HAL_InitTick
                0x080069bc       0xec cmake/stm32cubemx/CMakeFiles/STM32_Drivers.dir/__/__/Drivers/STM32H5xx_HAL_Driver/Src/stm32h5xx_hal.c.obj
                0x080069bc                HAL_InitTick
 .text.HAL_IncTick
                0x08006aa8       0x24 cmake/stm32cubemx/CMakeFiles/STM32_Drivers.dir/__/__/Drivers/STM32H5xx_HAL_Driver/Src/stm32h5xx_hal.c.obj
                0x08006aa8                HAL_IncTick
 .text.HAL_GetTick
                0x08006acc       0x14 cmake/stm32cubemx/CMakeFiles/STM32_Drivers.dir/__/__/Drivers/STM32H5xx_HAL_Driver/Src/stm32h5xx_hal.c.obj
                0x08006acc                HAL_GetTick
 .text.HAL_I2C_Init
                0x08006ae0      0x134 cmake/stm32cubemx/CMakeFiles/STM32_Drivers.dir/__/__/Drivers/STM32H5xx_HAL_Driver/Src/stm32h5xx_hal_i2c.c.obj
                0x08006ae0                HAL_I2C_Init
 .text.HAL_I2CEx_ConfigAnalogFilter
                0x08006c14       0x92 cmake/stm32cubemx/CMakeFiles/STM32_Drivers.dir/__/__/Drivers/STM32H5xx_HAL_Driver/Src/stm32h5xx_hal_i2c_ex.c.obj
                0x08006c14                HAL_I2CEx_ConfigAnalogFilter
 .text.HAL_I2CEx_ConfigDigitalFilter
                0x08006ca6       0x94 cmake/stm32cubemx/CMakeFiles/STM32_Drivers.dir/__/__/Drivers/STM32H5xx_HAL_Driver/Src/stm32h5xx_hal_i2c_ex.c.obj
                0x08006ca6                HAL_I2CEx_ConfigDigitalFilter
 *fill*         0x08006d3a        0x2 
 .text.HAL_ICACHE_Enable
                0x08006d3c       0x20 cmake/stm32cubemx/CMakeFiles/STM32_Drivers.dir/__/__/Drivers/STM32H5xx_HAL_Driver/Src/stm32h5xx_hal_icache.c.obj
                0x08006d3c                HAL_ICACHE_Enable
 .text.HAL_TIM_Base_Init
                0x08006d5c       0xac cmake/stm32cubemx/CMakeFiles/STM32_Drivers.dir/__/__/Drivers/STM32H5xx_HAL_Driver/Src/stm32h5xx_hal_tim.c.obj
                0x08006d5c                HAL_TIM_Base_Init
 .text.HAL_TIM_PWM_Init
                0x08006e08       0xac cmake/stm32cubemx/CMakeFiles/STM32_Drivers.dir/__/__/Drivers/STM32H5xx_HAL_Driver/Src/stm32h5xx_hal_tim.c.obj
                0x08006e08                HAL_TIM_PWM_Init
 .text.HAL_TIM_PWM_MspInit
                0x08006eb4       0x12 cmake/stm32cubemx/CMakeFiles/STM32_Drivers.dir/__/__/Drivers/STM32H5xx_HAL_Driver/Src/stm32h5xx_hal_tim.c.obj
                0x08006eb4                HAL_TIM_PWM_MspInit
 .text.HAL_TIM_PWM_ConfigChannel
                0x08006ec6      0x20e cmake/stm32cubemx/CMakeFiles/STM32_Drivers.dir/__/__/Drivers/STM32H5xx_HAL_Driver/Src/stm32h5xx_hal_tim.c.obj
                0x08006ec6                HAL_TIM_PWM_ConfigChannel
 .text.HAL_TIM_ConfigClockSource
                0x080070d4      0x23c cmake/stm32cubemx/CMakeFiles/STM32_Drivers.dir/__/__/Drivers/STM32H5xx_HAL_Driver/Src/stm32h5xx_hal_tim.c.obj
                0x080070d4                HAL_TIM_ConfigClockSource
 .text.TIM_Base_SetConfig
                0x08007310      0x1cc cmake/stm32cubemx/CMakeFiles/STM32_Drivers.dir/__/__/Drivers/STM32H5xx_HAL_Driver/Src/stm32h5xx_hal_tim.c.obj
                0x08007310                TIM_Base_SetConfig
 .text.TIM_OC1_SetConfig
                0x080074dc      0x134 cmake/stm32cubemx/CMakeFiles/STM32_Drivers.dir/__/__/Drivers/STM32H5xx_HAL_Driver/Src/stm32h5xx_hal_tim.c.obj
 .text.TIM_OC2_SetConfig
                0x08007610      0x12c cmake/stm32cubemx/CMakeFiles/STM32_Drivers.dir/__/__/Drivers/STM32H5xx_HAL_Driver/Src/stm32h5xx_hal_tim.c.obj
                0x08007610                TIM_OC2_SetConfig
 .text.TIM_OC3_SetConfig
                0x0800773c      0x12c cmake/stm32cubemx/CMakeFiles/STM32_Drivers.dir/__/__/Drivers/STM32H5xx_HAL_Driver/Src/stm32h5xx_hal_tim.c.obj
 .text.TIM_OC4_SetConfig
                0x08007868      0x12c cmake/stm32cubemx/CMakeFiles/STM32_Drivers.dir/__/__/Drivers/STM32H5xx_HAL_Driver/Src/stm32h5xx_hal_tim.c.obj
 .text.TIM_OC5_SetConfig
                0x08007994       0xd4 cmake/stm32cubemx/CMakeFiles/STM32_Drivers.dir/__/__/Drivers/STM32H5xx_HAL_Driver/Src/stm32h5xx_hal_tim.c.obj
 .text.TIM_OC6_SetConfig
                0x08007a68       0xd4 cmake/stm32cubemx/CMakeFiles/STM32_Drivers.dir/__/__/Drivers/STM32H5xx_HAL_Driver/Src/stm32h5xx_hal_tim.c.obj
 .text.TIM_TI1_ConfigInputStage
                0x08007b3c       0x5c cmake/stm32cubemx/CMakeFiles/STM32_Drivers.dir/__/__/Drivers/STM32H5xx_HAL_Driver/Src/stm32h5xx_hal_tim.c.obj
 .text.TIM_TI2_ConfigInputStage
                0x08007b98       0x5e cmake/stm32cubemx/CMakeFiles/STM32_Drivers.dir/__/__/Drivers/STM32H5xx_HAL_Driver/Src/stm32h5xx_hal_tim.c.obj
 .text.TIM_ITRx_SetConfig
                0x08007bf6       0x38 cmake/stm32cubemx/CMakeFiles/STM32_Drivers.dir/__/__/Drivers/STM32H5xx_HAL_Driver/Src/stm32h5xx_hal_tim.c.obj
 .text.TIM_ETR_SetConfig
                0x08007c2e       0x3e cmake/stm32cubemx/CMakeFiles/STM32_Drivers.dir/__/__/Drivers/STM32H5xx_HAL_Driver/Src/stm32h5xx_hal_tim.c.obj
                0x08007c2e                TIM_ETR_SetConfig
 .text.HAL_TIMEx_MasterConfigSynchronization
                0x08007c6c      0x1a0 cmake/stm32cubemx/CMakeFiles/STM32_Drivers.dir/__/__/Drivers/STM32H5xx_HAL_Driver/Src/stm32h5xx_hal_tim_ex.c.obj
                0x08007c6c                HAL_TIMEx_MasterConfigSynchronization
 .text.HAL_TIMEx_ConfigBreakDeadTime
                0x08007e0c      0x134 cmake/stm32cubemx/CMakeFiles/STM32_Drivers.dir/__/__/Drivers/STM32H5xx_HAL_Driver/Src/stm32h5xx_hal_tim_ex.c.obj
                0x08007e0c                HAL_TIMEx_ConfigBreakDeadTime
 .text.HAL_UART_Init
                0x08007f40       0xa0 cmake/stm32cubemx/CMakeFiles/STM32_Drivers.dir/__/__/Drivers/STM32H5xx_HAL_Driver/Src/stm32h5xx_hal_uart.c.obj
                0x08007f40                HAL_UART_Init
 .text.UART_SetConfig
                0x08007fe0      0x35c cmake/stm32cubemx/CMakeFiles/STM32_Drivers.dir/__/__/Drivers/STM32H5xx_HAL_Driver/Src/stm32h5xx_hal_uart.c.obj
                0x08007fe0                UART_SetConfig
 .text.UART_AdvFeatureConfig
                0x0800833c      0x142 cmake/stm32cubemx/CMakeFiles/STM32_Drivers.dir/__/__/Drivers/STM32H5xx_HAL_Driver/Src/stm32h5xx_hal_uart.c.obj
                0x0800833c                UART_AdvFeatureConfig
 .text.UART_CheckIdleState
                0x0800847e      0x154 cmake/stm32cubemx/CMakeFiles/STM32_Drivers.dir/__/__/Drivers/STM32H5xx_HAL_Driver/Src/stm32h5xx_hal_uart.c.obj
                0x0800847e                UART_CheckIdleState
 .text.UART_WaitOnFlagUntilTimeout
                0x080085d2       0xda cmake/stm32cubemx/CMakeFiles/STM32_Drivers.dir/__/__/Drivers/STM32H5xx_HAL_Driver/Src/stm32h5xx_hal_uart.c.obj
                0x080085d2                UART_WaitOnFlagUntilTimeout
 .text.UART_EndRxTransfer
                0x080086ac       0xca cmake/stm32cubemx/CMakeFiles/STM32_Drivers.dir/__/__/Drivers/STM32H5xx_HAL_Driver/Src/stm32h5xx_hal_uart.c.obj
 .text.HAL_UARTEx_DisableFifoMode
                0x08008776       0x70 cmake/stm32cubemx/CMakeFiles/STM32_Drivers.dir/__/__/Drivers/STM32H5xx_HAL_Driver/Src/stm32h5xx_hal_uart_ex.c.obj
                0x08008776                HAL_UARTEx_DisableFifoMode
 .text.HAL_UARTEx_SetTxFifoThreshold
                0x080087e6       0x7c cmake/stm32cubemx/CMakeFiles/STM32_Drivers.dir/__/__/Drivers/STM32H5xx_HAL_Driver/Src/stm32h5xx_hal_uart_ex.c.obj
                0x080087e6                HAL_UARTEx_SetTxFifoThreshold
 .text.HAL_UARTEx_SetRxFifoThreshold
                0x08008862       0x7c cmake/stm32cubemx/CMakeFiles/STM32_Drivers.dir/__/__/Drivers/STM32H5xx_HAL_Driver/Src/stm32h5xx_hal_uart_ex.c.obj
                0x08008862                HAL_UARTEx_SetRxFifoThreshold
 *fill*         0x080088de        0x2 
 .text.UARTEx_SetNbDataToProcess
                0x080088e0       0x98 cmake/stm32cubemx/CMakeFiles/STM32_Drivers.dir/__/__/Drivers/STM32H5xx_HAL_Driver/Src/stm32h5xx_hal_uart_ex.c.obj
 .text.HAL_PCD_Init
                0x08008978      0x200 cmake/stm32cubemx/CMakeFiles/STM32_Drivers.dir/__/__/Drivers/STM32H5xx_HAL_Driver/Src/stm32h5xx_hal_pcd.c.obj
                0x08008978                HAL_PCD_Init
 .text.HAL_PCDEx_ActivateLPM
                0x08008b78       0x42 cmake/stm32cubemx/CMakeFiles/STM32_Drivers.dir/__/__/Drivers/STM32H5xx_HAL_Driver/Src/stm32h5xx_hal_pcd_ex.c.obj
                0x08008b78                HAL_PCDEx_ActivateLPM
 .text.USB_CoreReset
                0x08008bba       0x2c cmake/stm32cubemx/CMakeFiles/STM32_Drivers.dir/__/__/Drivers/STM32H5xx_HAL_Driver/Src/stm32h5xx_ll_usb.c.obj
 .text.USB_CoreInit
                0x08008be6       0x3c cmake/stm32cubemx/CMakeFiles/STM32_Drivers.dir/__/__/Drivers/STM32H5xx_HAL_Driver/Src/stm32h5xx_ll_usb.c.obj
                0x08008be6                USB_CoreInit
 .text.USB_DisableGlobalInt
                0x08008c22       0x28 cmake/stm32cubemx/CMakeFiles/STM32_Drivers.dir/__/__/Drivers/STM32H5xx_HAL_Driver/Src/stm32h5xx_ll_usb.c.obj
                0x08008c22                USB_DisableGlobalInt
 .text.USB_SetCurrentMode
                0x08008c4a       0x44 cmake/stm32cubemx/CMakeFiles/STM32_Drivers.dir/__/__/Drivers/STM32H5xx_HAL_Driver/Src/stm32h5xx_ll_usb.c.obj
                0x08008c4a                USB_SetCurrentMode
 .text.USB_DevInit
                0x08008c8e       0x46 cmake/stm32cubemx/CMakeFiles/STM32_Drivers.dir/__/__/Drivers/STM32H5xx_HAL_Driver/Src/stm32h5xx_ll_usb.c.obj
                0x08008c8e                USB_DevInit
 .text.USB_DevDisconnect
                0x08008cd4       0x20 cmake/stm32cubemx/CMakeFiles/STM32_Drivers.dir/__/__/Drivers/STM32H5xx_HAL_Driver/Src/stm32h5xx_ll_usb.c.obj
                0x08008cd4                USB_DevDisconnect
 .text.acos     0x08008cf4       0x68 /usr/lib/gcc/arm-none-eabi/16.1.0/../../../../arm-none-eabi/lib/thumb/v8-m.main+fp/hard/libm.a(libm_a-w_acos.o)
                0x08008cf4                acos
 *fill*         0x08008d5c        0x4 
 .text.pow      0x08008d60      0x100 /usr/lib/gcc/arm-none-eabi/16.1.0/../../../../arm-none-eabi/lib/thumb/v8-m.main+fp/hard/libm.a(libm_a-w_pow.o)
                0x08008d60                pow
 .text.sqrt     0x08008e60       0x68 /usr/lib/gcc/arm-none-eabi/16.1.0/../../../../arm-none-eabi/lib/thumb/v8-m.main+fp/hard/libm.a(libm_a-w_sqrt.o)
                0x08008e60                sqrt
 .text.fabs     0x08008ec8       0x14 /usr/lib/gcc/arm-none-eabi/16.1.0/../../../../arm-none-eabi/lib/thumb/v8-m.main+fp/hard/libm.a(libm_a-s_fabs.o)
                0x08008ec8                fabs
 .text.finite   0x08008edc       0x18 /usr/lib/gcc/arm-none-eabi/16.1.0/../../../../arm-none-eabi/lib/thumb/v8-m.main+fp/hard/libm.a(libm_a-s_finite.o)
                0x08008edc                finite
 *fill*         0x08008ef4        0x4 
 .text.nan      0x08008ef8       0x10 /usr/lib/gcc/arm-none-eabi/16.1.0/../../../../arm-none-eabi/lib/thumb/v8-m.main+fp/hard/libm.a(libm_a-s_nan.o)
                0x08008ef8                nan
 .text.__ieee754_sqrt
                0x08008f08      0x1f8 /usr/lib/gcc/arm-none-eabi/16.1.0/../../../../arm-none-eabi/lib/thumb/v8-m.main+fp/hard/libm.a(libm_a-e_sqrt.o)
                0x08008f08                __ieee754_sqrt
 .text.__ieee754_acos
                0x08009100      0x4f8 /usr/lib/gcc/arm-none-eabi/16.1.0/../../../../arm-none-eabi/lib/thumb/v8-m.main+fp/hard/libm.a(libm_a-e_acos.o)
                0x08009100                __ieee754_acos
 .text.__ieee754_pow
                0x080095f8      0xc54 /usr/lib/gcc/arm-none-eabi/16.1.0/../../../../arm-none-eabi/lib/thumb/v8-m.main+fp/hard/libm.a(libm_a-e_pow.o)
                0x080095f8                __ieee754_pow
 *fill*         0x0800a24c        0x4 
 .text.scalbn   0x0800a250      0x12c /usr/lib/gcc/arm-none-eabi/16.1.0/../../../../arm-none-eabi/lib/thumb/v8-m.main+fp/hard/libm.a(libm_a-s_scalbn.o)
                0x0800a250                scalbn
 .text.with_errno
                0x0800a37c       0x18 /usr/lib/gcc/arm-none-eabi/16.1.0/../../../../arm-none-eabi/lib/thumb/v8-m.main+fp/hard/libm.a(libm_a-math_err.o)
 .text.xflow    0x0800a394       0x38 /usr/lib/gcc/arm-none-eabi/16.1.0/../../../../arm-none-eabi/lib/thumb/v8-m.main+fp/hard/libm.a(libm_a-math_err.o)
 *fill*         0x0800a3cc        0x4 
 .text.__math_uflow
                0x0800a3d0       0x10 /usr/lib/gcc/arm-none-eabi/16.1.0/../../../../arm-none-eabi/lib/thumb/v8-m.main+fp/hard/libm.a(libm_a-math_err.o)
                0x0800a3d0                __math_uflow
 .text.__math_oflow
                0x0800a3e0       0x10 /usr/lib/gcc/arm-none-eabi/16.1.0/../../../../arm-none-eabi/lib/thumb/v8-m.main+fp/hard/libm.a(libm_a-math_err.o)
                0x0800a3e0                __math_oflow
 .text.__udivmoddi4
                0x0800a3f0      0x2ba /usr/lib/gcc/arm-none-eabi/16.1.0/thumb/v8-m.main+fp/hard/libgcc.a(_udivmoddi4.o)
                0x0800a3f0                __udivmoddi4
 *fill*         0x0800a6aa        0x2 
 .text.malloc   0x0800a6ac       0x10 /usr/lib/gcc/arm-none-eabi/16.1.0/../../../../arm-none-eabi/lib/thumb/v8-m.main+fp/hard/libg_nano.a(libc_a-malloc.o)
                0x0800a6ac                malloc
 .text.sbrk_aligned
                0x0800a6bc       0x44 /usr/lib/gcc/arm-none-eabi/16.1.0/../../../../arm-none-eabi/lib/thumb/v8-m.main+fp/hard/libg_nano.a(libc_a-mallocr.o)
 .text._malloc_r
                0x0800a700      0x100 /usr/lib/gcc/arm-none-eabi/16.1.0/../../../../arm-none-eabi/lib/thumb/v8-m.main+fp/hard/libg_nano.a(libc_a-mallocr.o)
                0x0800a700                _malloc_r
 .text.__malloc_lock
                0x0800a800        0xc /usr/lib/gcc/arm-none-eabi/16.1.0/../../../../arm-none-eabi/lib/thumb/v8-m.main+fp/hard/libg_nano.a(libc_a-mlock.o)
                0x0800a800                __malloc_lock
 .text.__malloc_unlock
                0x0800a80c        0xc /usr/lib/gcc/arm-none-eabi/16.1.0/../../../../arm-none-eabi/lib/thumb/v8-m.main+fp/hard/libg_nano.a(libc_a-mlock.o)
                0x0800a80c                __malloc_unlock
 .text.memset   0x0800a818       0x10 /usr/lib/gcc/arm-none-eabi/16.1.0/../../../../arm-none-eabi/lib/thumb/v8-m.main+fp/hard/libg_nano.a(libc_a-memset.o)
                0x0800a818                memset
 .text._sbrk_r  0x0800a828       0x20 /usr/lib/gcc/arm-none-eabi/16.1.0/../../../../arm-none-eabi/lib/thumb/v8-m.main+fp/hard/libg_nano.a(libc_a-sbrkr.o)
                0x0800a828                _sbrk_r
 .text.__errno  0x0800a848        0xc /usr/lib/gcc/arm-none-eabi/16.1.0/../../../../arm-none-eabi/lib/thumb/v8-m.main+fp/hard/libg_nano.a(libc_a-errno.o)
                0x0800a848                __errno
 .text.__libc_init_array
                0x0800a854       0x48 /usr/lib/gcc/arm-none-eabi/16.1.0/../../../../arm-none-eabi/lib/thumb/v8-m.main+fp/hard/libg_nano.a(libc_a-init.o)
                0x0800a854                __libc_init_array
 .text.__retarget_lock_acquire_recursive
                0x0800a89c        0x2 /usr/lib/gcc/arm-none-eabi/16.1.0/../../../../arm-none-eabi/lib/thumb/v8-m.main+fp/hard/libg_nano.a(libc_a-lock.o)
                0x0800a89c                __retarget_lock_acquire_recursive
 .text.__retarget_lock_release_recursive
                0x0800a89e        0x2 /usr/lib/gcc/arm-none-eabi/16.1.0/../../../../arm-none-eabi/lib/thumb/v8-m.main+fp/hard/libg_nano.a(libc_a-lock.o)
                0x0800a89e                __retarget_lock_release_recursive
 *(.glue_7)
 .glue_7        0x0800a8a0        0x0 linker stubs
 *(.glue_7t)
 .glue_7t       0x0800a8a0        0x0 linker stubs
 *(.eh_frame)
 .eh_frame      0x0800a8a0        0x0 /usr/lib/gcc/arm-none-eabi/16.1.0/thumb/v8-m.main+fp/hard/crtbegin.o
 *(.init)
 .init          0x0800a8a0        0x4 /usr/lib/gcc/arm-none-eabi/16.1.0/thumb/v8-m.main+fp/hard/crti.o
                0x0800a8a0                _init
 .init          0x0800a8a4        0x8 /usr/lib/gcc/arm-none-eabi/16.1.0/thumb/v8-m.main+fp/hard/crtn.o
 *(.fini)
 .fini          0x0800a8ac        0x4 /usr/lib/gcc/arm-none-eabi/16.1.0/thumb/v8-m.main+fp/hard/crti.o
                0x0800a8ac                _fini
 .fini          0x0800a8b0        0x8 /usr/lib/gcc/arm-none-eabi/16.1.0/thumb/v8-m.main+fp/hard/crtn.o
                0x0800a8b8                        . = ALIGN (0x4)
                0x0800a8b8                        _etext = .

.vfp11_veneer   0x0800a8b8        0x0
 .vfp11_veneer  0x0800a8b8        0x0 linker stubs

.v4_bx          0x0800a8b8        0x0
 .v4_bx         0x0800a8b8        0x0 linker stubs

.iplt           0x0800a8b8        0x0
 .iplt          0x0800a8b8        0x0 /usr/lib/gcc/arm-none-eabi/16.1.0/thumb/v8-m.main+fp/hard/crtbegin.o

.rodata         0x0800a8b8       0x58
                0x0800a8b8                        . = ALIGN (0x4)
 *(.rodata)
 *(.rodata*)
 .rodata.AHBPrescTable
                0x0800a8b8       0x10 cmake/stm32cubemx/CMakeFiles/STM32_Drivers.dir/__/__/Core/Src/system_stm32h5xx.c.obj
                0x0800a8b8                AHBPrescTable
 .rodata.APBPrescTable
                0x0800a8c8        0x8 cmake/stm32cubemx/CMakeFiles/STM32_Drivers.dir/__/__/Core/Src/system_stm32h5xx.c.obj
                0x0800a8c8                APBPrescTable
 .rodata.UARTPrescTable
                0x0800a8d0       0x18 cmake/stm32cubemx/CMakeFiles/STM32_Drivers.dir/__/__/Drivers/STM32H5xx_HAL_Driver/Src/stm32h5xx_hal_uart.c.obj
                0x0800a8d0                UARTPrescTable
 .rodata.numerator.1
                0x0800a8e8        0x8 cmake/stm32cubemx/CMakeFiles/STM32_Drivers.dir/__/__/Drivers/STM32H5xx_HAL_Driver/Src/stm32h5xx_hal_uart_ex.c.obj
 .rodata.denominator.0
                0x0800a8f0        0x8 cmake/stm32cubemx/CMakeFiles/STM32_Drivers.dir/__/__/Drivers/STM32H5xx_HAL_Driver/Src/stm32h5xx_hal_uart_ex.c.obj
 .rodata.acos.str1.4
                0x0800a8f8        0x1 /usr/lib/gcc/arm-none-eabi/16.1.0/../../../../arm-none-eabi/lib/thumb/v8-m.main+fp/hard/libm.a(libm_a-w_acos.o)
 *fill*         0x0800a8f9        0x7 
 .rodata.tiny   0x0800a900        0x8 /usr/lib/gcc/arm-none-eabi/16.1.0/../../../../arm-none-eabi/lib/thumb/v8-m.main+fp/hard/libm.a(libm_a-e_sqrt.o)
 .rodata.one    0x0800a908        0x8 /usr/lib/gcc/arm-none-eabi/16.1.0/../../../../arm-none-eabi/lib/thumb/v8-m.main+fp/hard/libm.a(libm_a-e_sqrt.o)
                0x0800a910                        . = ALIGN (0x4)

.ARM.extab      0x0800a910        0x0
                0x0800a910                        . = ALIGN (0x4)
 *(.ARM.extab* .gnu.linkonce.armextab.*)
                0x0800a910                        . = ALIGN (0x4)

.ARM            0x0800a910        0x8
                0x0800a910                        . = ALIGN (0x4)
                0x0800a910                        __exidx_start = .
 *(.ARM.exidx*)
 .ARM.exidx.text.__udivmoddi4
                0x0800a910        0x8 /usr/lib/gcc/arm-none-eabi/16.1.0/thumb/v8-m.main+fp/hard/libgcc.a(_udivmoddi4.o)
                0x0800a918                        __exidx_end = .
                0x0800a918                        . = ALIGN (0x4)

.preinit_array  0x0800a918        0x0
                0x0800a918                        . = ALIGN (0x4)
                0x0800a918                        PROVIDE (__preinit_array_start = .)
 *(.preinit_array*)
                0x0800a918                        PROVIDE (__preinit_array_end = .)
                0x0800a918                        . = ALIGN (0x4)

.init_array     0x0800a918        0x4
                0x0800a918                        . = ALIGN (0x4)
                0x0800a918                        PROVIDE (__init_array_start = .)
 *(SORT_BY_NAME(.init_array.*))
 *(.init_array*)
 .init_array    0x0800a918        0x4 /usr/lib/gcc/arm-none-eabi/16.1.0/thumb/v8-m.main+fp/hard/crtbegin.o
                0x0800a91c                        PROVIDE (__init_array_end = .)
                0x0800a91c                        . = ALIGN (0x4)

.fini_array     0x0800a91c        0x4
                0x0800a91c                        . = ALIGN (0x4)
                0x0800a91c                        PROVIDE (__fini_array_start = .)
 *(SORT_BY_NAME(.fini_array.*))
 *(.fini_array*)
 .fini_array    0x0800a91c        0x4 /usr/lib/gcc/arm-none-eabi/16.1.0/thumb/v8-m.main+fp/hard/crtbegin.o
                0x0800a920                        PROVIDE (__fini_array_end = .)
                0x0800a920                        . = ALIGN (0x4)
                0x0800a920                        _sidata = LOADADDR (.data)

.rel.dyn        0x0800a920        0x0
 .rel.iplt      0x0800a920        0x0 /usr/lib/gcc/arm-none-eabi/16.1.0/thumb/v8-m.main+fp/hard/crtbegin.o

.data           0x20000000       0x60 load address 0x0800a920
                0x20000000                        . = ALIGN (0x4)
                0x20000000                        _sdata = .
 *(.data)
 *(.data*)
 .data.gain     0x20000000        0x4 CMakeFiles/flight-controller.dir/Core/Src/main.c.obj
                0x20000000                gain
 .data.SystemCoreClock
                0x20000004        0x4 cmake/stm32cubemx/CMakeFiles/STM32_Drivers.dir/__/__/Core/Src/system_stm32h5xx.c.obj
                0x20000004                SystemCoreClock
 .data.uwTickPrio
                0x20000008        0x4 cmake/stm32cubemx/CMakeFiles/STM32_Drivers.dir/__/__/Drivers/STM32H5xx_HAL_Driver/Src/stm32h5xx_hal.c.obj
                0x20000008                uwTickPrio
 .data.uwTickFreq
                0x2000000c        0x1 cmake/stm32cubemx/CMakeFiles/STM32_Drivers.dir/__/__/Drivers/STM32H5xx_HAL_Driver/Src/stm32h5xx_hal.c.obj
                0x2000000c                uwTickFreq
 *fill*         0x2000000d        0x3 
 .data._impure_ptr
                0x20000010        0x4 /usr/lib/gcc/arm-none-eabi/16.1.0/../../../../arm-none-eabi/lib/thumb/v8-m.main+fp/hard/libg_nano.a(libc_a-impure.o)
                0x20000010                _impure_ptr
 .data._impure_data
                0x20000014       0x4c /usr/lib/gcc/arm-none-eabi/16.1.0/../../../../arm-none-eabi/lib/thumb/v8-m.main+fp/hard/libg_nano.a(libc_a-impure.o)
                0x20000014                _impure_data
 *(.RamFunc)
 *(.RamFunc*)
                0x20000060                        . = ALIGN (0x4)

.igot.plt       0x20000060        0x0 load address 0x0800a980
 .igot.plt      0x20000060        0x0 /usr/lib/gcc/arm-none-eabi/16.1.0/thumb/v8-m.main+fp/hard/crtbegin.o

.tdata          0x20000060        0x0 load address 0x0800a980
 *(.tdata .tdata.* .gnu.linkonce.td.*)
                0x20000060                        . = ALIGN (0x4)
                0x20000060                        _edata = .
                [!provide]                        PROVIDE (__data_end = .)
                [!provide]                        PROVIDE (__tdata_end = .)
                [!provide]                        PROVIDE (__tdata_start = ADDR (.tdata))
                [!provide]                        PROVIDE (__tdata_size = (__tdata_end - __tdata_start))
                [!provide]                        PROVIDE (__data_start = ADDR (.data))
                [!provide]                        PROVIDE (__data_size = (__data_end - __data_start))
                [!provide]                        PROVIDE (__tdata_source = LOADADDR (.tdata))
                [!provide]                        PROVIDE (__tdata_source_end = (LOADADDR (.tdata) + SIZEOF (.tdata)))
                [!provide]                        PROVIDE (__tdata_source_size = (__tdata_source_end - __tdata_source))
                [!provide]                        PROVIDE (__data_source = LOADADDR (.data))
                [!provide]                        PROVIDE (__data_source_end = __tdata_source_end)
                [!provide]                        PROVIDE (__data_source_size = (__data_source_end - __data_source))

.tbss           0x20000060        0x0 load address 0x0800a980
                0x20000060                        _sbss = .
                0x20000060                        __bss_start__ = _sbss
 *(.tbss .tbss.*)
                0x20000060                        . = ALIGN (0x4)
                [!provide]                        PROVIDE (__tbss_end = .)
                [!provide]                        PROVIDE (__tbss_start = ADDR (.tbss))
                [!provide]                        PROVIDE (__tbss_size = (__tbss_end - __tbss_start))
                [!provide]                        PROVIDE (__tbss_offset = (ADDR (.tbss) - ADDR (.tdata)))
                [!provide]                        PROVIDE (__tls_base = __tdata_start)
                [!provide]                        PROVIDE (__tls_end = __tbss_end)
                [!provide]                        PROVIDE (__tls_size = (__tls_end - __tls_base))
                [!provide]                        PROVIDE (__tls_align = MAX (ALIGNOF (.tdata), ALIGNOF (.tbss)))
                [!provide]                        PROVIDE (__tls_size_align = (((__tls_size + __tls_align) - 0x1) & ~ ((__tls_align - 0x1))))
                [!provide]                        PROVIDE (__arm32_tls_tcb_offset = MAX (0x8, __tls_align))
                [!provide]                        PROVIDE (__arm64_tls_tcb_offset = MAX (0x10, __tls_align))

.bss            0x20000060      0x7a4 load address 0x0800a980
 *(.bss)
 *(.bss*)
 .bss.completed.1
                0x20000060        0x1 /usr/lib/gcc/arm-none-eabi/16.1.0/thumb/v8-m.main+fp/hard/crtbegin.o
 *fill*         0x20000061        0x3 
 .bss.object.0  0x20000064       0x18 /usr/lib/gcc/arm-none-eabi/16.1.0/thumb/v8-m.main+fp/hard/crtbegin.o
 .bss.hi2c1     0x2000007c       0x54 CMakeFiles/flight-controller.dir/Core/Src/main.c.obj
                0x2000007c                hi2c1
 .bss.htim1     0x200000d0       0x4c CMakeFiles/flight-controller.dir/Core/Src/main.c.obj
                0x200000d0                htim1
 .bss.htim3     0x2000011c       0x4c CMakeFiles/flight-controller.dir/Core/Src/main.c.obj
                0x2000011c                htim3
 .bss.huart4    0x20000168       0x94 CMakeFiles/flight-controller.dir/Core/Src/main.c.obj
                0x20000168                huart4
 .bss.huart5    0x200001fc       0x94 CMakeFiles/flight-controller.dir/Core/Src/main.c.obj
                0x200001fc                huart5
 .bss.huart1    0x20000290       0x94 CMakeFiles/flight-controller.dir/Core/Src/main.c.obj
                0x20000290                huart1
 .bss.huart6    0x20000324       0x94 CMakeFiles/flight-controller.dir/Core/Src/main.c.obj
                0x20000324                huart6
 .bss.hpcd_USB_DRD_FS
                0x200003b8      0x2e4 CMakeFiles/flight-controller.dir/Core/Src/main.c.obj
                0x200003b8                hpcd_USB_DRD_FS
 .bss.gyro      0x2000069c        0x4 CMakeFiles/flight-controller.dir/Core/Src/main.c.obj
                0x2000069c                gyro
 .bss.accel     0x200006a0        0x4 CMakeFiles/flight-controller.dir/Core/Src/main.c.obj
                0x200006a0                accel
 .bss.mag       0x200006a4        0x4 CMakeFiles/flight-controller.dir/Core/Src/main.c.obj
                0x200006a4                mag
 .bss.orientation
                0x200006a8        0xc CMakeFiles/flight-controller.dir/Core/Src/main.c.obj
                0x200006a8                orientation
 .bss.__sbrk_heap_end
                0x200006b4        0x4 CMakeFiles/flight-controller.dir/Core/Src/sysmem.c.obj
 .bss.uwTick    0x200006b8        0x4 cmake/stm32cubemx/CMakeFiles/STM32_Drivers.dir/__/__/Drivers/STM32H5xx_HAL_Driver/Src/stm32h5xx_hal.c.obj
                0x200006b8                uwTick
 .bss.__malloc_sbrk_start
                0x200006bc        0x4 /usr/lib/gcc/arm-none-eabi/16.1.0/../../../../arm-none-eabi/lib/thumb/v8-m.main+fp/hard/libg_nano.a(libc_a-mallocr.o)
                0x200006bc                __malloc_sbrk_start
 .bss.__malloc_free_list
                0x200006c0        0x4 /usr/lib/gcc/arm-none-eabi/16.1.0/../../../../arm-none-eabi/lib/thumb/v8-m.main+fp/hard/libg_nano.a(libc_a-mallocr.o)
                0x200006c0                __malloc_free_list
 .bss.__sf      0x200006c4      0x138 /usr/lib/gcc/arm-none-eabi/16.1.0/../../../../arm-none-eabi/lib/thumb/v8-m.main+fp/hard/libg_nano.a(libc_a-findfp.o)
                0x200006c4                __sf
 .bss.errno     0x200007fc        0x4 /usr/lib/gcc/arm-none-eabi/16.1.0/../../../../arm-none-eabi/lib/thumb/v8-m.main+fp/hard/libg_nano.a(libc_a-reent.o)
                0x200007fc                errno
 .bss.__lock___malloc_recursive_mutex
                0x20000800        0x1 /usr/lib/gcc/arm-none-eabi/16.1.0/../../../../arm-none-eabi/lib/thumb/v8-m.main+fp/hard/libg_nano.a(libc_a-lock.o)
                0x20000800                __lock___malloc_recursive_mutex
 *(COMMON)
                0x20000804                        . = ALIGN (0x4)
 *fill*         0x20000801        0x3 
                0x20000804                        _ebss = .
                0x20000804                        __bss_end__ = _ebss
                [!provide]                        PROVIDE (__bss_end = .)
                [!provide]                        PROVIDE (__non_tls_bss_start = ADDR (.bss))
                [!provide]                        PROVIDE (__bss_start = __tbss_start)
                [!provide]                        PROVIDE (__bss_size = (__bss_end - __bss_start))

._user_heap_stack
                0x20000804      0x604 load address 0x0800a980
                0x20000808                        . = ALIGN (0x8)
 *fill*         0x20000804        0x4 
                [!provide]                        PROVIDE (end = .)
                0x20000808                        PROVIDE (_end = .)
                0x20000a08                        . = (. + _Min_Heap_Size)
 *fill*         0x20000808      0x200 
                0x20000e08                        . = (. + _Min_Stack_Size)
 *fill*         0x20000a08      0x400 
                0x20000e08                        . = ALIGN (0x8)

/DISCARD/
 libc.a:*(*)
 libm.a:*(*)
 libgcc.a:*(*)

.ARM.attributes
                0x00000000       0x36
 *(.ARM.attributes)
 .ARM.attributes
                0x00000000       0x26 /usr/lib/gcc/arm-none-eabi/16.1.0/thumb/v8-m.main+fp/hard/crti.o
 .ARM.attributes
                0x00000026       0x38 /usr/lib/gcc/arm-none-eabi/16.1.0/thumb/v8-m.main+fp/hard/crtbegin.o
 .ARM.attributes
                0x0000005e       0x3a CMakeFiles/flight-controller.dir/Core/Src/main.c.obj
 .ARM.attributes
                0x00000098       0x3a CMakeFiles/flight-controller.dir/Core/Src/stm32h5xx_it.c.obj
 .ARM.attributes
                0x000000d2       0x3a CMakeFiles/flight-controller.dir/Core/Src/stm32h5xx_hal_msp.c.obj
 .ARM.attributes
                0x0000010c       0x3a CMakeFiles/flight-controller.dir/Core/Src/sysmem.c.obj
 .ARM.attributes
                0x00000146       0x24 CMakeFiles/flight-controller.dir/startup_stm32h523xx.s.obj
 .ARM.attributes
                0x0000016a       0x3a cmake/stm32cubemx/CMakeFiles/STM32_Drivers.dir/__/__/Core/Src/system_stm32h5xx.c.obj
 .ARM.attributes
                0x000001a4       0x3a cmake/stm32cubemx/CMakeFiles/STM32_Drivers.dir/__/__/Drivers/STM32H5xx_HAL_Driver/Src/stm32h5xx_hal_cortex.c.obj
 .ARM.attributes
                0x000001de       0x3a cmake/stm32cubemx/CMakeFiles/STM32_Drivers.dir/__/__/Drivers/STM32H5xx_HAL_Driver/Src/stm32h5xx_hal_rcc.c.obj
 .ARM.attributes
                0x00000218       0x3a cmake/stm32cubemx/CMakeFiles/STM32_Drivers.dir/__/__/Drivers/STM32H5xx_HAL_Driver/Src/stm32h5xx_hal_rcc_ex.c.obj
 .ARM.attributes
                0x00000252       0x3a cmake/stm32cubemx/CMakeFiles/STM32_Drivers.dir/__/__/Drivers/STM32H5xx_HAL_Driver/Src/stm32h5xx_hal_gpio.c.obj
 .ARM.attributes
                0x0000028c       0x3a cmake/stm32cubemx/CMakeFiles/STM32_Drivers.dir/__/__/Drivers/STM32H5xx_HAL_Driver/Src/stm32h5xx_hal_pwr_ex.c.obj
 .ARM.attributes
                0x000002c6       0x3a cmake/stm32cubemx/CMakeFiles/STM32_Drivers.dir/__/__/Drivers/STM32H5xx_HAL_Driver/Src/stm32h5xx_hal.c.obj
 .ARM.attributes
                0x00000300       0x3a cmake/stm32cubemx/CMakeFiles/STM32_Drivers.dir/__/__/Drivers/STM32H5xx_HAL_Driver/Src/stm32h5xx_hal_i2c.c.obj
 .ARM.attributes
                0x0000033a       0x3a cmake/stm32cubemx/CMakeFiles/STM32_Drivers.dir/__/__/Drivers/STM32H5xx_HAL_Driver/Src/stm32h5xx_hal_i2c_ex.c.obj
 .ARM.attributes
                0x00000374       0x3a cmake/stm32cubemx/CMakeFiles/STM32_Drivers.dir/__/__/Drivers/STM32H5xx_HAL_Driver/Src/stm32h5xx_hal_icache.c.obj
 .ARM.attributes
                0x000003ae       0x3a cmake/stm32cubemx/CMakeFiles/STM32_Drivers.dir/__/__/Drivers/STM32H5xx_HAL_Driver/Src/stm32h5xx_hal_tim.c.obj
 .ARM.attributes
                0x000003e8       0x3a cmake/stm32cubemx/CMakeFiles/STM32_Drivers.dir/__/__/Drivers/STM32H5xx_HAL_Driver/Src/stm32h5xx_hal_tim_ex.c.obj
 .ARM.attributes
                0x00000422       0x3a cmake/stm32cubemx/CMakeFiles/STM32_Drivers.dir/__/__/Drivers/STM32H5xx_HAL_Driver/Src/stm32h5xx_hal_uart.c.obj
 .ARM.attributes
                0x0000045c       0x3a cmake/stm32cubemx/CMakeFiles/STM32_Drivers.dir/__/__/Drivers/STM32H5xx_HAL_Driver/Src/stm32h5xx_hal_uart_ex.c.obj
 .ARM.attributes
                0x00000496       0x3a cmake/stm32cubemx/CMakeFiles/STM32_Drivers.dir/__/__/Drivers/STM32H5xx_HAL_Driver/Src/stm32h5xx_hal_pcd.c.obj
 .ARM.attributes
                0x000004d0       0x3a cmake/stm32cubemx/CMakeFiles/STM32_Drivers.dir/__/__/Drivers/STM32H5xx_HAL_Driver/Src/stm32h5xx_hal_pcd_ex.c.obj
 .ARM.attributes
                0x0000050a       0x3a cmake/stm32cubemx/CMakeFiles/STM32_Drivers.dir/__/__/Drivers/STM32H5xx_HAL_Driver/Src/stm32h5xx_ll_usb.c.obj
 .ARM.attributes
                0x00000544       0x38 /usr/lib/gcc/arm-none-eabi/16.1.0/../../../../arm-none-eabi/lib/thumb/v8-m.main+fp/hard/libm.a(libm_a-w_acos.o)
 .ARM.attributes
                0x0000057c       0x38 /usr/lib/gcc/arm-none-eabi/16.1.0/../../../../arm-none-eabi/lib/thumb/v8-m.main+fp/hard/libm.a(libm_a-w_pow.o)
 .ARM.attributes
                0x000005b4       0x38 /usr/lib/gcc/arm-none-eabi/16.1.0/../../../../arm-none-eabi/lib/thumb/v8-m.main+fp/hard/libm.a(libm_a-w_sqrt.o)
 .ARM.attributes
                0x000005ec       0x38 /usr/lib/gcc/arm-none-eabi/16.1.0/../../../../arm-none-eabi/lib/thumb/v8-m.main+fp/hard/libm.a(libm_a-s_fabs.o)
 .ARM.attributes
                0x00000624       0x38 /usr/lib/gcc/arm-none-eabi/16.1.0/../../../../arm-none-eabi/lib/thumb/v8-m.main+fp/hard/libm.a(libm_a-s_finite.o)
 .ARM.attributes
                0x0000065c       0x38 /usr/lib/gcc/arm-none-eabi/16.1.0/../../../../arm-none-eabi/lib/thumb/v8-m.main+fp/hard/libm.a(libm_a-s_nan.o)
 .ARM.attributes
                0x00000694       0x38 /usr/lib/gcc/arm-none-eabi/16.1.0/../../../../arm-none-eabi/lib/thumb/v8-m.main+fp/hard/libm.a(libm_a-e_sqrt.o)
 .ARM.attributes
                0x000006cc       0x38 /usr/lib/gcc/arm-none-eabi/16.1.0/../../../../arm-none-eabi/lib/thumb/v8-m.main+fp/hard/libm.a(libm_a-e_acos.o)
 .ARM.attributes
                0x00000704       0x38 /usr/lib/gcc/arm-none-eabi/16.1.0/../../../../arm-none-eabi/lib/thumb/v8-m.main+fp/hard/libm.a(libm_a-e_pow.o)
 .ARM.attributes
                0x0000073c       0x38 /usr/lib/gcc/arm-none-eabi/16.1.0/../../../../arm-none-eabi/lib/thumb/v8-m.main+fp/hard/libm.a(libm_a-s_scalbn.o)
 .ARM.attributes
                0x00000774       0x38 /usr/lib/gcc/arm-none-eabi/16.1.0/../../../../arm-none-eabi/lib/thumb/v8-m.main+fp/hard/libm.a(libm_a-math_err.o)
 .ARM.attributes
                0x000007ac       0x26 /usr/lib/gcc/arm-none-eabi/16.1.0/thumb/v8-m.main+fp/hard/libgcc.a(_arm_addsubdf3.o)
 .ARM.attributes
                0x000007d2       0x26 /usr/lib/gcc/arm-none-eabi/16.1.0/thumb/v8-m.main+fp/hard/libgcc.a(_arm_muldivdf3.o)
 .ARM.attributes
                0x000007f8       0x26 /usr/lib/gcc/arm-none-eabi/16.1.0/thumb/v8-m.main+fp/hard/libgcc.a(_arm_cmpdf2.o)
 .ARM.attributes
                0x0000081e       0x26 /usr/lib/gcc/arm-none-eabi/16.1.0/thumb/v8-m.main+fp/hard/libgcc.a(_arm_unorddf2.o)
 .ARM.attributes
                0x00000844       0x26 /usr/lib/gcc/arm-none-eabi/16.1.0/thumb/v8-m.main+fp/hard/libgcc.a(_arm_truncdfsf2.o)
 .ARM.attributes
                0x0000086a       0x26 /usr/lib/gcc/arm-none-eabi/16.1.0/thumb/v8-m.main+fp/hard/libgcc.a(_aeabi_uldivmod.o)
 .ARM.attributes
                0x00000890       0x38 /usr/lib/gcc/arm-none-eabi/16.1.0/thumb/v8-m.main+fp/hard/libgcc.a(_udivmoddi4.o)
 .ARM.attributes
                0x000008c8       0x26 /usr/lib/gcc/arm-none-eabi/16.1.0/thumb/v8-m.main+fp/hard/libgcc.a(_dvmd_tls.o)
 .ARM.attributes
                0x000008ee       0x38 /usr/lib/gcc/arm-none-eabi/16.1.0/../../../../arm-none-eabi/lib/thumb/v8-m.main+fp/hard/libg_nano.a(libc_a-malloc.o)
 .ARM.attributes
                0x00000926       0x38 /usr/lib/gcc/arm-none-eabi/16.1.0/../../../../arm-none-eabi/lib/thumb/v8-m.main+fp/hard/libg_nano.a(libc_a-mallocr.o)
 .ARM.attributes
                0x0000095e       0x38 /usr/lib/gcc/arm-none-eabi/16.1.0/../../../../arm-none-eabi/lib/thumb/v8-m.main+fp/hard/libg_nano.a(libc_a-mlock.o)
 .ARM.attributes
                0x00000996       0x38 /usr/lib/gcc/arm-none-eabi/16.1.0/../../../../arm-none-eabi/lib/thumb/v8-m.main+fp/hard/libg_nano.a(libc_a-findfp.o)
 .ARM.attributes
                0x000009ce       0x38 /usr/lib/gcc/arm-none-eabi/16.1.0/../../../../arm-none-eabi/lib/thumb/v8-m.main+fp/hard/libg_nano.a(libc_a-memset.o)
 .ARM.attributes
                0x00000a06       0x38 /usr/lib/gcc/arm-none-eabi/16.1.0/../../../../arm-none-eabi/lib/thumb/v8-m.main+fp/hard/libg_nano.a(libc_a-reent.o)
 .ARM.attributes
                0x00000a3e       0x38 /usr/lib/gcc/arm-none-eabi/16.1.0/../../../../arm-none-eabi/lib/thumb/v8-m.main+fp/hard/libg_nano.a(libc_a-impure.o)
 .ARM.attributes
                0x00000a76       0x38 /usr/lib/gcc/arm-none-eabi/16.1.0/../../../../arm-none-eabi/lib/thumb/v8-m.main+fp/hard/libg_nano.a(libc_a-sbrkr.o)
 .ARM.attributes
                0x00000aae       0x38 /usr/lib/gcc/arm-none-eabi/16.1.0/../../../../arm-none-eabi/lib/thumb/v8-m.main+fp/hard/libg_nano.a(libc_a-errno.o)
 .ARM.attributes
                0x00000ae6       0x38 /usr/lib/gcc/arm-none-eabi/16.1.0/../../../../arm-none-eabi/lib/thumb/v8-m.main+fp/hard/libg_nano.a(libc_a-init.o)
 .ARM.attributes
                0x00000b1e       0x38 /usr/lib/gcc/arm-none-eabi/16.1.0/../../../../arm-none-eabi/lib/thumb/v8-m.main+fp/hard/libg_nano.a(libc_a-lock.o)
 .ARM.attributes
                0x00000b56       0x26 /usr/lib/gcc/arm-none-eabi/16.1.0/thumb/v8-m.main+fp/hard/crtn.o
OUTPUT(flight-controller.elf elf32-littlearm)
LOAD linker stubs

.debug_info     0x00000000    0x20705
 .debug_info    0x00000000     0x28ea CMakeFiles/flight-controller.dir/Core/Src/main.c.obj
 .debug_info    0x000028ea      0x128 CMakeFiles/flight-controller.dir/Core/Src/stm32h5xx_it.c.obj
 .debug_info    0x00002a12     0x1f4c CMakeFiles/flight-controller.dir/Core/Src/stm32h5xx_hal_msp.c.obj
 .debug_info    0x0000495e      0x168 CMakeFiles/flight-controller.dir/Core/Src/sysmem.c.obj
 .debug_info    0x00004ac6       0x30 CMakeFiles/flight-controller.dir/startup_stm32h523xx.s.obj
 .debug_info    0x00004af6      0xce0 cmake/stm32cubemx/CMakeFiles/STM32_Drivers.dir/__/__/Core/Src/system_stm32h5xx.c.obj
 .debug_info    0x000057d6     0x15cd cmake/stm32cubemx/CMakeFiles/STM32_Drivers.dir/__/__/Drivers/STM32H5xx_HAL_Driver/Src/stm32h5xx_hal_cortex.c.obj
 .debug_info    0x00006da3     0x1009 cmake/stm32cubemx/CMakeFiles/STM32_Drivers.dir/__/__/Drivers/STM32H5xx_HAL_Driver/Src/stm32h5xx_hal_rcc.c.obj
 .debug_info    0x00007dac     0x1203 cmake/stm32cubemx/CMakeFiles/STM32_Drivers.dir/__/__/Drivers/STM32H5xx_HAL_Driver/Src/stm32h5xx_hal_rcc_ex.c.obj
 .debug_info    0x00008faf      0x6b6 cmake/stm32cubemx/CMakeFiles/STM32_Drivers.dir/__/__/Drivers/STM32H5xx_HAL_Driver/Src/stm32h5xx_hal_gpio.c.obj
 .debug_info    0x00009665      0x929 cmake/stm32cubemx/CMakeFiles/STM32_Drivers.dir/__/__/Drivers/STM32H5xx_HAL_Driver/Src/stm32h5xx_hal_pwr_ex.c.obj
 .debug_info    0x00009f8e     0x12f0 cmake/stm32cubemx/CMakeFiles/STM32_Drivers.dir/__/__/Drivers/STM32H5xx_HAL_Driver/Src/stm32h5xx_hal.c.obj
 .debug_info    0x0000b27e     0x2316 cmake/stm32cubemx/CMakeFiles/STM32_Drivers.dir/__/__/Drivers/STM32H5xx_HAL_Driver/Src/stm32h5xx_hal_i2c.c.obj
 .debug_info    0x0000d594      0x8f6 cmake/stm32cubemx/CMakeFiles/STM32_Drivers.dir/__/__/Drivers/STM32H5xx_HAL_Driver/Src/stm32h5xx_hal_i2c_ex.c.obj
 .debug_info    0x0000de8a      0x4d6 cmake/stm32cubemx/CMakeFiles/STM32_Drivers.dir/__/__/Drivers/STM32H5xx_HAL_Driver/Src/stm32h5xx_hal_icache.c.obj
 .debug_info    0x0000e360     0x2e71 cmake/stm32cubemx/CMakeFiles/STM32_Drivers.dir/__/__/Drivers/STM32H5xx_HAL_Driver/Src/stm32h5xx_hal_tim.c.obj
 .debug_info    0x000111d1     0x1eaa cmake/stm32cubemx/CMakeFiles/STM32_Drivers.dir/__/__/Drivers/STM32H5xx_HAL_Driver/Src/stm32h5xx_hal_tim_ex.c.obj
 .debug_info    0x0001307b     0x4066 cmake/stm32cubemx/CMakeFiles/STM32_Drivers.dir/__/__/Drivers/STM32H5xx_HAL_Driver/Src/stm32h5xx_hal_uart.c.obj
 .debug_info    0x000170e1     0x10ec cmake/stm32cubemx/CMakeFiles/STM32_Drivers.dir/__/__/Drivers/STM32H5xx_HAL_Driver/Src/stm32h5xx_hal_uart_ex.c.obj
 .debug_info    0x000181cd     0x1560 cmake/stm32cubemx/CMakeFiles/STM32_Drivers.dir/__/__/Drivers/STM32H5xx_HAL_Driver/Src/stm32h5xx_hal_pcd.c.obj
 .debug_info    0x0001972d      0x7eb cmake/stm32cubemx/CMakeFiles/STM32_Drivers.dir/__/__/Drivers/STM32H5xx_HAL_Driver/Src/stm32h5xx_hal_pcd_ex.c.obj
 .debug_info    0x00019f18     0x132a cmake/stm32cubemx/CMakeFiles/STM32_Drivers.dir/__/__/Drivers/STM32H5xx_HAL_Driver/Src/stm32h5xx_ll_usb.c.obj
 .debug_info    0x0001b242       0xd3 /usr/lib/gcc/arm-none-eabi/16.1.0/thumb/v8-m.main+fp/hard/libgcc.a(_arm_addsubdf3.o)
 .debug_info    0x0001b315       0x57 /usr/lib/gcc/arm-none-eabi/16.1.0/thumb/v8-m.main+fp/hard/libgcc.a(_arm_muldivdf3.o)
 .debug_info    0x0001b36c       0xdf /usr/lib/gcc/arm-none-eabi/16.1.0/thumb/v8-m.main+fp/hard/libgcc.a(_arm_cmpdf2.o)
 .debug_info    0x0001b44b       0x3c /usr/lib/gcc/arm-none-eabi/16.1.0/thumb/v8-m.main+fp/hard/libgcc.a(_arm_unorddf2.o)
 .debug_info    0x0001b487       0x3f /usr/lib/gcc/arm-none-eabi/16.1.0/thumb/v8-m.main+fp/hard/libgcc.a(_arm_truncdfsf2.o)
 .debug_info    0x0001b4c6       0x24 /usr/lib/gcc/arm-none-eabi/16.1.0/thumb/v8-m.main+fp/hard/libgcc.a(_aeabi_uldivmod.o)
 .debug_info    0x0001b4ea      0x6fc /usr/lib/gcc/arm-none-eabi/16.1.0/thumb/v8-m.main+fp/hard/libgcc.a(_udivmoddi4.o)
 .debug_info    0x0001bbe6       0x3c /usr/lib/gcc/arm-none-eabi/16.1.0/thumb/v8-m.main+fp/hard/libgcc.a(_dvmd_tls.o)
 .debug_info    0x0001bc22      0x7a5 /usr/lib/gcc/arm-none-eabi/16.1.0/../../../../arm-none-eabi/lib/thumb/v8-m.main+fp/hard/libg_nano.a(libc_a-malloc.o)
 .debug_info    0x0001c3c7      0x9c1 /usr/lib/gcc/arm-none-eabi/16.1.0/../../../../arm-none-eabi/lib/thumb/v8-m.main+fp/hard/libg_nano.a(libc_a-mallocr.o)
 .debug_info    0x0001cd88      0x770 /usr/lib/gcc/arm-none-eabi/16.1.0/../../../../arm-none-eabi/lib/thumb/v8-m.main+fp/hard/libg_nano.a(libc_a-mlock.o)
 .debug_info    0x0001d4f8      0xfb4 /usr/lib/gcc/arm-none-eabi/16.1.0/../../../../arm-none-eabi/lib/thumb/v8-m.main+fp/hard/libg_nano.a(libc_a-findfp.o)
 .debug_info    0x0001e4ac       0xe5 /usr/lib/gcc/arm-none-eabi/16.1.0/../../../../arm-none-eabi/lib/thumb/v8-m.main+fp/hard/libg_nano.a(libc_a-memset.o)
 .debug_info    0x0001e591      0x8a6 /usr/lib/gcc/arm-none-eabi/16.1.0/../../../../arm-none-eabi/lib/thumb/v8-m.main+fp/hard/libg_nano.a(libc_a-reent.o)
 .debug_info    0x0001ee37      0x71a /usr/lib/gcc/arm-none-eabi/16.1.0/../../../../arm-none-eabi/lib/thumb/v8-m.main+fp/hard/libg_nano.a(libc_a-impure.o)
 .debug_info    0x0001f551      0x787 /usr/lib/gcc/arm-none-eabi/16.1.0/../../../../arm-none-eabi/lib/thumb/v8-m.main+fp/hard/libg_nano.a(libc_a-sbrkr.o)
 .debug_info    0x0001fcd8      0x700 /usr/lib/gcc/arm-none-eabi/16.1.0/../../../../arm-none-eabi/lib/thumb/v8-m.main+fp/hard/libg_nano.a(libc_a-errno.o)
 .debug_info    0x000203d8      0x110 /usr/lib/gcc/arm-none-eabi/16.1.0/../../../../arm-none-eabi/lib/thumb/v8-m.main+fp/hard/libg_nano.a(libc_a-init.o)
 .debug_info    0x000204e8      0x21d /usr/lib/gcc/arm-none-eabi/16.1.0/../../../../arm-none-eabi/lib/thumb/v8-m.main+fp/hard/libg_nano.a(libc_a-lock.o)

.debug_abbrev   0x00000000     0x46a7
 .debug_abbrev  0x00000000      0x391 CMakeFiles/flight-controller.dir/Core/Src/main.c.obj
 .debug_abbrev  0x00000391       0x73 CMakeFiles/flight-controller.dir/Core/Src/stm32h5xx_it.c.obj
 .debug_abbrev  0x00000404      0x2d5 CMakeFiles/flight-controller.dir/Core/Src/stm32h5xx_hal_msp.c.obj
 .debug_abbrev  0x000006d9       0xbc CMakeFiles/flight-controller.dir/Core/Src/sysmem.c.obj
 .debug_abbrev  0x00000795       0x24 CMakeFiles/flight-controller.dir/startup_stm32h523xx.s.obj
 .debug_abbrev  0x000007b9      0x13a cmake/stm32cubemx/CMakeFiles/STM32_Drivers.dir/__/__/Core/Src/system_stm32h5xx.c.obj
 .debug_abbrev  0x000008f3      0x327 cmake/stm32cubemx/CMakeFiles/STM32_Drivers.dir/__/__/Drivers/STM32H5xx_HAL_Driver/Src/stm32h5xx_hal_cortex.c.obj
 .debug_abbrev  0x00000c1a      0x290 cmake/stm32cubemx/CMakeFiles/STM32_Drivers.dir/__/__/Drivers/STM32H5xx_HAL_Driver/Src/stm32h5xx_hal_rcc.c.obj
 .debug_abbrev  0x00000eaa      0x25c cmake/stm32cubemx/CMakeFiles/STM32_Drivers.dir/__/__/Drivers/STM32H5xx_HAL_Driver/Src/stm32h5xx_hal_rcc_ex.c.obj
 .debug_abbrev  0x00001106      0x1db cmake/stm32cubemx/CMakeFiles/STM32_Drivers.dir/__/__/Drivers/STM32H5xx_HAL_Driver/Src/stm32h5xx_hal_gpio.c.obj
 .debug_abbrev  0x000012e1      0x2b4 cmake/stm32cubemx/CMakeFiles/STM32_Drivers.dir/__/__/Drivers/STM32H5xx_HAL_Driver/Src/stm32h5xx_hal_pwr_ex.c.obj
 .debug_abbrev  0x00001595      0x2af cmake/stm32cubemx/CMakeFiles/STM32_Drivers.dir/__/__/Drivers/STM32H5xx_HAL_Driver/Src/stm32h5xx_hal.c.obj
 .debug_abbrev  0x00001844      0x282 cmake/stm32cubemx/CMakeFiles/STM32_Drivers.dir/__/__/Drivers/STM32H5xx_HAL_Driver/Src/stm32h5xx_hal_i2c.c.obj
 .debug_abbrev  0x00001ac6      0x1b9 cmake/stm32cubemx/CMakeFiles/STM32_Drivers.dir/__/__/Drivers/STM32H5xx_HAL_Driver/Src/stm32h5xx_hal_i2c_ex.c.obj
 .debug_abbrev  0x00001c7f      0x228 cmake/stm32cubemx/CMakeFiles/STM32_Drivers.dir/__/__/Drivers/STM32H5xx_HAL_Driver/Src/stm32h5xx_hal_icache.c.obj
 .debug_abbrev  0x00001ea7      0x2c4 cmake/stm32cubemx/CMakeFiles/STM32_Drivers.dir/__/__/Drivers/STM32H5xx_HAL_Driver/Src/stm32h5xx_hal_tim.c.obj
 .debug_abbrev  0x0000216b      0x2c7 cmake/stm32cubemx/CMakeFiles/STM32_Drivers.dir/__/__/Drivers/STM32H5xx_HAL_Driver/Src/stm32h5xx_hal_tim_ex.c.obj
 .debug_abbrev  0x00002432      0x309 cmake/stm32cubemx/CMakeFiles/STM32_Drivers.dir/__/__/Drivers/STM32H5xx_HAL_Driver/Src/stm32h5xx_hal_uart.c.obj
 .debug_abbrev  0x0000273b      0x2d8 cmake/stm32cubemx/CMakeFiles/STM32_Drivers.dir/__/__/Drivers/STM32H5xx_HAL_Driver/Src/stm32h5xx_hal_uart_ex.c.obj
 .debug_abbrev  0x00002a13      0x302 cmake/stm32cubemx/CMakeFiles/STM32_Drivers.dir/__/__/Drivers/STM32H5xx_HAL_Driver/Src/stm32h5xx_hal_pcd.c.obj
 .debug_abbrev  0x00002d15      0x1e8 cmake/stm32cubemx/CMakeFiles/STM32_Drivers.dir/__/__/Drivers/STM32H5xx_HAL_Driver/Src/stm32h5xx_hal_pcd_ex.c.obj
 .debug_abbrev  0x00002efd      0x216 cmake/stm32cubemx/CMakeFiles/STM32_Drivers.dir/__/__/Drivers/STM32H5xx_HAL_Driver/Src/stm32h5xx_ll_usb.c.obj
 .debug_abbrev  0x00003113       0x28 /usr/lib/gcc/arm-none-eabi/16.1.0/thumb/v8-m.main+fp/hard/libgcc.a(_arm_addsubdf3.o)
 .debug_abbrev  0x0000313b       0x28 /usr/lib/gcc/arm-none-eabi/16.1.0/thumb/v8-m.main+fp/hard/libgcc.a(_arm_muldivdf3.o)
 .debug_abbrev  0x00003163       0x28 /usr/lib/gcc/arm-none-eabi/16.1.0/thumb/v8-m.main+fp/hard/libgcc.a(_arm_cmpdf2.o)
 .debug_abbrev  0x0000318b       0x28 /usr/lib/gcc/arm-none-eabi/16.1.0/thumb/v8-m.main+fp/hard/libgcc.a(_arm_unorddf2.o)
 .debug_abbrev  0x000031b3       0x28 /usr/lib/gcc/arm-none-eabi/16.1.0/thumb/v8-m.main+fp/hard/libgcc.a(_arm_truncdfsf2.o)
 .debug_abbrev  0x000031db       0x14 /usr/lib/gcc/arm-none-eabi/16.1.0/thumb/v8-m.main+fp/hard/libgcc.a(_aeabi_uldivmod.o)
 .debug_abbrev  0x000031ef      0x170 /usr/lib/gcc/arm-none-eabi/16.1.0/thumb/v8-m.main+fp/hard/libgcc.a(_udivmoddi4.o)
 .debug_abbrev  0x0000335f       0x26 /usr/lib/gcc/arm-none-eabi/16.1.0/thumb/v8-m.main+fp/hard/libgcc.a(_dvmd_tls.o)
 .debug_abbrev  0x00003385      0x1d5 /usr/lib/gcc/arm-none-eabi/16.1.0/../../../../arm-none-eabi/lib/thumb/v8-m.main+fp/hard/libg_nano.a(libc_a-malloc.o)
 .debug_abbrev  0x0000355a      0x250 /usr/lib/gcc/arm-none-eabi/16.1.0/../../../../arm-none-eabi/lib/thumb/v8-m.main+fp/hard/libg_nano.a(libc_a-mallocr.o)
 .debug_abbrev  0x000037aa      0x1c5 /usr/lib/gcc/arm-none-eabi/16.1.0/../../../../arm-none-eabi/lib/thumb/v8-m.main+fp/hard/libg_nano.a(libc_a-mlock.o)
 .debug_abbrev  0x0000396f      0x41a /usr/lib/gcc/arm-none-eabi/16.1.0/../../../../arm-none-eabi/lib/thumb/v8-m.main+fp/hard/libg_nano.a(libc_a-findfp.o)
 .debug_abbrev  0x00003d89       0xa4 /usr/lib/gcc/arm-none-eabi/16.1.0/../../../../arm-none-eabi/lib/thumb/v8-m.main+fp/hard/libg_nano.a(libc_a-memset.o)
 .debug_abbrev  0x00003e2d      0x1fd /usr/lib/gcc/arm-none-eabi/16.1.0/../../../../arm-none-eabi/lib/thumb/v8-m.main+fp/hard/libg_nano.a(libc_a-reent.o)
 .debug_abbrev  0x0000402a      0x14f /usr/lib/gcc/arm-none-eabi/16.1.0/../../../../arm-none-eabi/lib/thumb/v8-m.main+fp/hard/libg_nano.a(libc_a-impure.o)
 .debug_abbrev  0x00004179      0x1e0 /usr/lib/gcc/arm-none-eabi/16.1.0/../../../../arm-none-eabi/lib/thumb/v8-m.main+fp/hard/libg_nano.a(libc_a-sbrkr.o)
 .debug_abbrev  0x00004359      0x164 /usr/lib/gcc/arm-none-eabi/16.1.0/../../../../arm-none-eabi/lib/thumb/v8-m.main+fp/hard/libg_nano.a(libc_a-errno.o)
 .debug_abbrev  0x000044bd       0xcf /usr/lib/gcc/arm-none-eabi/16.1.0/../../../../arm-none-eabi/lib/thumb/v8-m.main+fp/hard/libg_nano.a(libc_a-init.o)
 .debug_abbrev  0x0000458c      0x11b /usr/lib/gcc/arm-none-eabi/16.1.0/../../../../arm-none-eabi/lib/thumb/v8-m.main+fp/hard/libg_nano.a(libc_a-lock.o)

.debug_aranges  0x00000000     0x1ac8
 .debug_aranges
                0x00000000       0xa0 CMakeFiles/flight-controller.dir/Core/Src/main.c.obj
 .debug_aranges
                0x000000a0       0x60 CMakeFiles/flight-controller.dir/Core/Src/stm32h5xx_it.c.obj
 .debug_aranges
                0x00000100       0x68 CMakeFiles/flight-controller.dir/Core/Src/stm32h5xx_hal_msp.c.obj
 .debug_aranges
                0x00000168       0x20 CMakeFiles/flight-controller.dir/Core/Src/sysmem.c.obj
 .debug_aranges
                0x00000188       0x28 CMakeFiles/flight-controller.dir/startup_stm32h523xx.s.obj
 .debug_aranges
                0x000001b0       0x28 cmake/stm32cubemx/CMakeFiles/STM32_Drivers.dir/__/__/Core/Src/system_stm32h5xx.c.obj
 .debug_aranges
                0x000001d8      0x140 cmake/stm32cubemx/CMakeFiles/STM32_Drivers.dir/__/__/Drivers/STM32H5xx_HAL_Driver/Src/stm32h5xx_hal_cortex.c.obj
 .debug_aranges
                0x00000318       0xa0 cmake/stm32cubemx/CMakeFiles/STM32_Drivers.dir/__/__/Drivers/STM32H5xx_HAL_Driver/Src/stm32h5xx_hal_rcc.c.obj
 .debug_aranges
                0x000003b8      0x108 cmake/stm32cubemx/CMakeFiles/STM32_Drivers.dir/__/__/Drivers/STM32H5xx_HAL_Driver/Src/stm32h5xx_hal_rcc_ex.c.obj
 .debug_aranges
                0x000004c0       0x78 cmake/stm32cubemx/CMakeFiles/STM32_Drivers.dir/__/__/Drivers/STM32H5xx_HAL_Driver/Src/stm32h5xx_hal_gpio.c.obj
 .debug_aranges
                0x00000538      0x148 cmake/stm32cubemx/CMakeFiles/STM32_Drivers.dir/__/__/Drivers/STM32H5xx_HAL_Driver/Src/stm32h5xx_hal_pwr_ex.c.obj
 .debug_aranges
                0x00000680      0x1f8 cmake/stm32cubemx/CMakeFiles/STM32_Drivers.dir/__/__/Drivers/STM32H5xx_HAL_Driver/Src/stm32h5xx_hal.c.obj
 .debug_aranges
                0x00000878      0x2a0 cmake/stm32cubemx/CMakeFiles/STM32_Drivers.dir/__/__/Drivers/STM32H5xx_HAL_Driver/Src/stm32h5xx_hal_i2c.c.obj
 .debug_aranges
                0x00000b18       0x40 cmake/stm32cubemx/CMakeFiles/STM32_Drivers.dir/__/__/Drivers/STM32H5xx_HAL_Driver/Src/stm32h5xx_hal_i2c_ex.c.obj
 .debug_aranges
                0x00000b58       0xa8 cmake/stm32cubemx/CMakeFiles/STM32_Drivers.dir/__/__/Drivers/STM32H5xx_HAL_Driver/Src/stm32h5xx_hal_icache.c.obj
 .debug_aranges
                0x00000c00      0x3e8 cmake/stm32cubemx/CMakeFiles/STM32_Drivers.dir/__/__/Drivers/STM32H5xx_HAL_Driver/Src/stm32h5xx_hal_tim.c.obj
 .debug_aranges
                0x00000fe8      0x240 cmake/stm32cubemx/CMakeFiles/STM32_Drivers.dir/__/__/Drivers/STM32H5xx_HAL_Driver/Src/stm32h5xx_hal_tim_ex.c.obj
 .debug_aranges
                0x00001228      0x248 cmake/stm32cubemx/CMakeFiles/STM32_Drivers.dir/__/__/Drivers/STM32H5xx_HAL_Driver/Src/stm32h5xx_hal_uart.c.obj
 .debug_aranges
                0x00001470       0xa8 cmake/stm32cubemx/CMakeFiles/STM32_Drivers.dir/__/__/Drivers/STM32H5xx_HAL_Driver/Src/stm32h5xx_hal_uart_ex.c.obj
 .debug_aranges
                0x00001518      0x150 cmake/stm32cubemx/CMakeFiles/STM32_Drivers.dir/__/__/Drivers/STM32H5xx_HAL_Driver/Src/stm32h5xx_hal_pcd.c.obj
 .debug_aranges
                0x00001668       0x58 cmake/stm32cubemx/CMakeFiles/STM32_Drivers.dir/__/__/Drivers/STM32H5xx_HAL_Driver/Src/stm32h5xx_hal_pcd_ex.c.obj
 .debug_aranges
                0x000016c0       0xf8 cmake/stm32cubemx/CMakeFiles/STM32_Drivers.dir/__/__/Drivers/STM32H5xx_HAL_Driver/Src/stm32h5xx_ll_usb.c.obj
 .debug_aranges
                0x000017b8       0x20 /usr/lib/gcc/arm-none-eabi/16.1.0/thumb/v8-m.main+fp/hard/libgcc.a(_arm_addsubdf3.o)
 .debug_aranges
                0x000017d8       0x20 /usr/lib/gcc/arm-none-eabi/16.1.0/thumb/v8-m.main+fp/hard/libgcc.a(_arm_muldivdf3.o)
 .debug_aranges
                0x000017f8       0x20 /usr/lib/gcc/arm-none-eabi/16.1.0/thumb/v8-m.main+fp/hard/libgcc.a(_arm_cmpdf2.o)
 .debug_aranges
                0x00001818       0x20 /usr/lib/gcc/arm-none-eabi/16.1.0/thumb/v8-m.main+fp/hard/libgcc.a(_arm_unorddf2.o)
 .debug_aranges
                0x00001838       0x20 /usr/lib/gcc/arm-none-eabi/16.1.0/thumb/v8-m.main+fp/hard/libgcc.a(_arm_truncdfsf2.o)
 .debug_aranges
                0x00001858       0x20 /usr/lib/gcc/arm-none-eabi/16.1.0/thumb/v8-m.main+fp/hard/libgcc.a(_aeabi_uldivmod.o)
 .debug_aranges
                0x00001878       0x20 /usr/lib/gcc/arm-none-eabi/16.1.0/thumb/v8-m.main+fp/hard/libgcc.a(_udivmoddi4.o)
 .debug_aranges
                0x00001898       0x20 /usr/lib/gcc/arm-none-eabi/16.1.0/thumb/v8-m.main+fp/hard/libgcc.a(_dvmd_tls.o)
 .debug_aranges
                0x000018b8       0x28 /usr/lib/gcc/arm-none-eabi/16.1.0/../../../../arm-none-eabi/lib/thumb/v8-m.main+fp/hard/libg_nano.a(libc_a-malloc.o)
 .debug_aranges
                0x000018e0       0x28 /usr/lib/gcc/arm-none-eabi/16.1.0/../../../../arm-none-eabi/lib/thumb/v8-m.main+fp/hard/libg_nano.a(libc_a-mallocr.o)
 .debug_aranges
                0x00001908       0x28 /usr/lib/gcc/arm-none-eabi/16.1.0/../../../../arm-none-eabi/lib/thumb/v8-m.main+fp/hard/libg_nano.a(libc_a-mlock.o)
 .debug_aranges
                0x00001930       0x78 /usr/lib/gcc/arm-none-eabi/16.1.0/../../../../arm-none-eabi/lib/thumb/v8-m.main+fp/hard/libg_nano.a(libc_a-findfp.o)
 .debug_aranges
                0x000019a8       0x20 /usr/lib/gcc/arm-none-eabi/16.1.0/../../../../arm-none-eabi/lib/thumb/v8-m.main+fp/hard/libg_nano.a(libc_a-memset.o)
 .debug_aranges
                0x000019c8       0x20 /usr/lib/gcc/arm-none-eabi/16.1.0/../../../../arm-none-eabi/lib/thumb/v8-m.main+fp/hard/libg_nano.a(libc_a-reent.o)
 .debug_aranges
                0x000019e8       0x18 /usr/lib/gcc/arm-none-eabi/16.1.0/../../../../arm-none-eabi/lib/thumb/v8-m.main+fp/hard/libg_nano.a(libc_a-impure.o)
 .debug_aranges
                0x00001a00       0x20 /usr/lib/gcc/arm-none-eabi/16.1.0/../../../../arm-none-eabi/lib/thumb/v8-m.main+fp/hard/libg_nano.a(libc_a-sbrkr.o)
 .debug_aranges
                0x00001a20       0x20 /usr/lib/gcc/arm-none-eabi/16.1.0/../../../../arm-none-eabi/lib/thumb/v8-m.main+fp/hard/libg_nano.a(libc_a-errno.o)
 .debug_aranges
                0x00001a40       0x20 /usr/lib/gcc/arm-none-eabi/16.1.0/../../../../arm-none-eabi/lib/thumb/v8-m.main+fp/hard/libg_nano.a(libc_a-init.o)
 .debug_aranges
                0x00001a60       0x68 /usr/lib/gcc/arm-none-eabi/16.1.0/../../../../arm-none-eabi/lib/thumb/v8-m.main+fp/hard/libg_nano.a(libc_a-lock.o)

.debug_rnglists
                0x00000000     0x16e5
 .debug_rnglists
                0x00000000       0x7d CMakeFiles/flight-controller.dir/Core/Src/main.c.obj
 .debug_rnglists
                0x0000007d       0x43 CMakeFiles/flight-controller.dir/Core/Src/stm32h5xx_it.c.obj
 .debug_rnglists
                0x000000c0       0x4d CMakeFiles/flight-controller.dir/Core/Src/stm32h5xx_hal_msp.c.obj
 .debug_rnglists
                0x0000010d       0x13 CMakeFiles/flight-controller.dir/Core/Src/sysmem.c.obj
 .debug_rnglists
                0x00000120       0x19 CMakeFiles/flight-controller.dir/startup_stm32h523xx.s.obj
 .debug_rnglists
                0x00000139       0x1b cmake/stm32cubemx/CMakeFiles/STM32_Drivers.dir/__/__/Core/Src/system_stm32h5xx.c.obj
 .debug_rnglists
                0x00000154       0xec cmake/stm32cubemx/CMakeFiles/STM32_Drivers.dir/__/__/Drivers/STM32H5xx_HAL_Driver/Src/stm32h5xx_hal_cortex.c.obj
 .debug_rnglists
                0x00000240       0x79 cmake/stm32cubemx/CMakeFiles/STM32_Drivers.dir/__/__/Drivers/STM32H5xx_HAL_Driver/Src/stm32h5xx_hal_rcc.c.obj
 .debug_rnglists
                0x000002b9       0xcf cmake/stm32cubemx/CMakeFiles/STM32_Drivers.dir/__/__/Drivers/STM32H5xx_HAL_Driver/Src/stm32h5xx_hal_rcc_ex.c.obj
 .debug_rnglists
                0x00000388       0x57 cmake/stm32cubemx/CMakeFiles/STM32_Drivers.dir/__/__/Drivers/STM32H5xx_HAL_Driver/Src/stm32h5xx_hal_gpio.c.obj
 .debug_rnglists
                0x000003df       0xf3 cmake/stm32cubemx/CMakeFiles/STM32_Drivers.dir/__/__/Drivers/STM32H5xx_HAL_Driver/Src/stm32h5xx_hal_pwr_ex.c.obj
 .debug_rnglists
                0x000004d2      0x177 cmake/stm32cubemx/CMakeFiles/STM32_Drivers.dir/__/__/Drivers/STM32H5xx_HAL_Driver/Src/stm32h5xx_hal.c.obj
 .debug_rnglists
                0x00000649      0x228 cmake/stm32cubemx/CMakeFiles/STM32_Drivers.dir/__/__/Drivers/STM32H5xx_HAL_Driver/Src/stm32h5xx_hal_i2c.c.obj
 .debug_rnglists
                0x00000871       0x30 cmake/stm32cubemx/CMakeFiles/STM32_Drivers.dir/__/__/Drivers/STM32H5xx_HAL_Driver/Src/stm32h5xx_hal_i2c_ex.c.obj
 .debug_rnglists
                0x000008a1       0x7a cmake/stm32cubemx/CMakeFiles/STM32_Drivers.dir/__/__/Drivers/STM32H5xx_HAL_Driver/Src/stm32h5xx_hal_icache.c.obj
 .debug_rnglists
                0x0000091b      0x32d cmake/stm32cubemx/CMakeFiles/STM32_Drivers.dir/__/__/Drivers/STM32H5xx_HAL_Driver/Src/stm32h5xx_hal_tim.c.obj
 .debug_rnglists
                0x00000c48      0x1cb cmake/stm32cubemx/CMakeFiles/STM32_Drivers.dir/__/__/Drivers/STM32H5xx_HAL_Driver/Src/stm32h5xx_hal_tim_ex.c.obj
 .debug_rnglists
                0x00000e13      0x1f8 cmake/stm32cubemx/CMakeFiles/STM32_Drivers.dir/__/__/Drivers/STM32H5xx_HAL_Driver/Src/stm32h5xx_hal_uart.c.obj
 .debug_rnglists
                0x0000100b       0x7f cmake/stm32cubemx/CMakeFiles/STM32_Drivers.dir/__/__/Drivers/STM32H5xx_HAL_Driver/Src/stm32h5xx_hal_uart_ex.c.obj
 .debug_rnglists
                0x0000108a      0x100 cmake/stm32cubemx/CMakeFiles/STM32_Drivers.dir/__/__/Drivers/STM32H5xx_HAL_Driver/Src/stm32h5xx_hal_pcd.c.obj
 .debug_rnglists
                0x0000118a       0x3f cmake/stm32cubemx/CMakeFiles/STM32_Drivers.dir/__/__/Drivers/STM32H5xx_HAL_Driver/Src/stm32h5xx_hal_pcd_ex.c.obj
 .debug_rnglists
                0x000011c9       0xbd cmake/stm32cubemx/CMakeFiles/STM32_Drivers.dir/__/__/Drivers/STM32H5xx_HAL_Driver/Src/stm32h5xx_ll_usb.c.obj
 .debug_rnglists
                0x00001286       0x13 /usr/lib/gcc/arm-none-eabi/16.1.0/../../../../arm-none-eabi/lib/thumb/v8-m.main+fp/hard/libm.a(libm_a-w_acos.o)
 .debug_rnglists
                0x00001299       0x14 /usr/lib/gcc/arm-none-eabi/16.1.0/../../../../arm-none-eabi/lib/thumb/v8-m.main+fp/hard/libm.a(libm_a-w_pow.o)
 .debug_rnglists
                0x000012ad       0x13 /usr/lib/gcc/arm-none-eabi/16.1.0/../../../../arm-none-eabi/lib/thumb/v8-m.main+fp/hard/libm.a(libm_a-w_sqrt.o)
 .debug_rnglists
                0x000012c0       0x13 /usr/lib/gcc/arm-none-eabi/16.1.0/../../../../arm-none-eabi/lib/thumb/v8-m.main+fp/hard/libm.a(libm_a-s_fabs.o)
 .debug_rnglists
                0x000012d3       0x13 /usr/lib/gcc/arm-none-eabi/16.1.0/../../../../arm-none-eabi/lib/thumb/v8-m.main+fp/hard/libm.a(libm_a-s_finite.o)
 .debug_rnglists
                0x000012e6       0x13 /usr/lib/gcc/arm-none-eabi/16.1.0/../../../../arm-none-eabi/lib/thumb/v8-m.main+fp/hard/libm.a(libm_a-s_nan.o)
 .debug_rnglists
                0x000012f9       0x2f /usr/lib/gcc/arm-none-eabi/16.1.0/../../../../arm-none-eabi/lib/thumb/v8-m.main+fp/hard/libm.a(libm_a-e_sqrt.o)
 .debug_rnglists
                0x00001328       0x36 /usr/lib/gcc/arm-none-eabi/16.1.0/../../../../arm-none-eabi/lib/thumb/v8-m.main+fp/hard/libm.a(libm_a-e_acos.o)
 .debug_rnglists
                0x0000135e      0x105 /usr/lib/gcc/arm-none-eabi/16.1.0/../../../../arm-none-eabi/lib/thumb/v8-m.main+fp/hard/libm.a(libm_a-e_pow.o)
 .debug_rnglists
                0x00001463       0x2f /usr/lib/gcc/arm-none-eabi/16.1.0/../../../../arm-none-eabi/lib/thumb/v8-m.main+fp/hard/libm.a(libm_a-s_scalbn.o)
 .debug_rnglists
                0x00001492       0x43 /usr/lib/gcc/arm-none-eabi/16.1.0/../../../../arm-none-eabi/lib/thumb/v8-m.main+fp/hard/libm.a(libm_a-math_err.o)
 .debug_rnglists
                0x000014d5       0x74 /usr/lib/gcc/arm-none-eabi/16.1.0/thumb/v8-m.main+fp/hard/libgcc.a(_udivmoddi4.o)
 .debug_rnglists
                0x00001549       0x19 /usr/lib/gcc/arm-none-eabi/16.1.0/../../../../arm-none-eabi/lib/thumb/v8-m.main+fp/hard/libg_nano.a(libc_a-malloc.o)
 .debug_rnglists
                0x00001562       0x2c /usr/lib/gcc/arm-none-eabi/16.1.0/../../../../arm-none-eabi/lib/thumb/v8-m.main+fp/hard/libg_nano.a(libc_a-mallocr.o)
 .debug_rnglists
                0x0000158e       0x19 /usr/lib/gcc/arm-none-eabi/16.1.0/../../../../arm-none-eabi/lib/thumb/v8-m.main+fp/hard/libg_nano.a(libc_a-mlock.o)
 .debug_rnglists
                0x000015a7       0x7d /usr/lib/gcc/arm-none-eabi/16.1.0/../../../../arm-none-eabi/lib/thumb/v8-m.main+fp/hard/libg_nano.a(libc_a-findfp.o)
 .debug_rnglists
                0x00001624       0x13 /usr/lib/gcc/arm-none-eabi/16.1.0/../../../../arm-none-eabi/lib/thumb/v8-m.main+fp/hard/libg_nano.a(libc_a-memset.o)
 .debug_rnglists
                0x00001637       0x2c /usr/lib/gcc/arm-none-eabi/16.1.0/../../../../arm-none-eabi/lib/thumb/v8-m.main+fp/hard/libg_nano.a(libc_a-reent.o)
 .debug_rnglists
                0x00001663       0x13 /usr/lib/gcc/arm-none-eabi/16.1.0/../../../../arm-none-eabi/lib/thumb/v8-m.main+fp/hard/libg_nano.a(libc_a-sbrkr.o)
 .debug_rnglists
                0x00001676       0x13 /usr/lib/gcc/arm-none-eabi/16.1.0/../../../../arm-none-eabi/lib/thumb/v8-m.main+fp/hard/libg_nano.a(libc_a-errno.o)
 .debug_rnglists
                0x00001689       0x13 /usr/lib/gcc/arm-none-eabi/16.1.0/../../../../arm-none-eabi/lib/thumb/v8-m.main+fp/hard/libg_nano.a(libc_a-init.o)
 .debug_rnglists
                0x0000169c       0x49 /usr/lib/gcc/arm-none-eabi/16.1.0/../../../../arm-none-eabi/lib/thumb/v8-m.main+fp/hard/libg_nano.a(libc_a-lock.o)

.debug_macro    0x00000000    0x2c2df
 .debug_macro   0x00000000      0x2e4 CMakeFiles/flight-controller.dir/Core/Src/main.c.obj
 .debug_macro   0x000002e4      0xaf6 CMakeFiles/flight-controller.dir/Core/Src/main.c.obj
 .debug_macro   0x00000dda      0x1ce CMakeFiles/flight-controller.dir/Core/Src/main.c.obj
 .debug_macro   0x00000fa8       0x22 CMakeFiles/flight-controller.dir/Core/Src/main.c.obj
 .debug_macro   0x00000fca       0x6e CMakeFiles/flight-controller.dir/Core/Src/main.c.obj
 .debug_macro   0x00001038       0x2a CMakeFiles/flight-controller.dir/Core/Src/main.c.obj
 .debug_macro   0x00001062       0x94 CMakeFiles/flight-controller.dir/Core/Src/main.c.obj
 .debug_macro   0x000010f6       0x3c CMakeFiles/flight-controller.dir/Core/Src/main.c.obj
 .debug_macro   0x00001132       0x34 CMakeFiles/flight-controller.dir/Core/Src/main.c.obj
 .debug_macro   0x00001166      0x190 CMakeFiles/flight-controller.dir/Core/Src/main.c.obj
 .debug_macro   0x000012f6       0x57 CMakeFiles/flight-controller.dir/Core/Src/main.c.obj
 .debug_macro   0x0000134d      0x364 CMakeFiles/flight-controller.dir/Core/Src/main.c.obj
 .debug_macro   0x000016b1       0x16 CMakeFiles/flight-controller.dir/Core/Src/main.c.obj
 .debug_macro   0x000016c7       0x4a CMakeFiles/flight-controller.dir/Core/Src/main.c.obj
 .debug_macro   0x00001711       0x34 CMakeFiles/flight-controller.dir/Core/Src/main.c.obj
 .debug_macro   0x00001745       0x10 CMakeFiles/flight-controller.dir/Core/Src/main.c.obj
 .debug_macro   0x00001755       0x58 CMakeFiles/flight-controller.dir/Core/Src/main.c.obj
 .debug_macro   0x000017ad      0x1de CMakeFiles/flight-controller.dir/Core/Src/main.c.obj
 .debug_macro   0x0000198b      0x19b CMakeFiles/flight-controller.dir/Core/Src/main.c.obj
 .debug_macro   0x00001b26       0x28 CMakeFiles/flight-controller.dir/Core/Src/main.c.obj
 .debug_macro   0x00001b4e       0x42 CMakeFiles/flight-controller.dir/Core/Src/main.c.obj
 .debug_macro   0x00001b90      0x103 CMakeFiles/flight-controller.dir/Core/Src/main.c.obj
 .debug_macro   0x00001c93       0x6a CMakeFiles/flight-controller.dir/Core/Src/main.c.obj
 .debug_macro   0x00001cfd      0x1df CMakeFiles/flight-controller.dir/Core/Src/main.c.obj
 .debug_macro   0x00001edc       0x1c CMakeFiles/flight-controller.dir/Core/Src/main.c.obj
 .debug_macro   0x00001ef8       0x29 CMakeFiles/flight-controller.dir/Core/Src/main.c.obj
 .debug_macro   0x00001f21       0xfb CMakeFiles/flight-controller.dir/Core/Src/main.c.obj
 .debug_macro   0x0000201c     0x1685 CMakeFiles/flight-controller.dir/Core/Src/main.c.obj
 .debug_macro   0x000036a1       0x5e CMakeFiles/flight-controller.dir/Core/Src/main.c.obj
 .debug_macro   0x000036ff    0x1b1c6 CMakeFiles/flight-controller.dir/Core/Src/main.c.obj
 .debug_macro   0x0001e8c5       0x6d CMakeFiles/flight-controller.dir/Core/Src/main.c.obj
 .debug_macro   0x0001e932     0x3891 CMakeFiles/flight-controller.dir/Core/Src/main.c.obj
 .debug_macro   0x000221c3       0x63 CMakeFiles/flight-controller.dir/Core/Src/main.c.obj
 .debug_macro   0x00022226     0x19b8 CMakeFiles/flight-controller.dir/Core/Src/main.c.obj
 .debug_macro   0x00023bde      0xa9f CMakeFiles/flight-controller.dir/Core/Src/main.c.obj
 .debug_macro   0x0002467d      0x166 CMakeFiles/flight-controller.dir/Core/Src/main.c.obj
 .debug_macro   0x000247e3      0x266 CMakeFiles/flight-controller.dir/Core/Src/main.c.obj
 .debug_macro   0x00024a49       0xca CMakeFiles/flight-controller.dir/Core/Src/main.c.obj